Archive member included because of file (symbol)

C:/Freescale/KSDK_1.2.0/lib/ksdk_platform_lib/kds/KL25Z4/debug/libksdk_platform.a(fsl_uart_hal.o)
                              ./sources/hal/uart/fsl_debug_console.o (UART_HAL_SetBaudRate)
C:/Freescale/KSDK_1.2.0/lib/ksdk_platform_lib/kds/KL25Z4/debug/libksdk_platform.a(fsl_lptmr_driver.o)
                              ./sources/hal/util/tc_hal.o (LPTMR_DRV_Init)
C:/Freescale/KSDK_1.2.0/lib/ksdk_platform_lib/kds/KL25Z4/debug/libksdk_platform.a(fsl_lpsci_hal.o)
                              ./sources/hal/uart/fsl_debug_console.o (LPSCI_HAL_SetBaudRate)
C:/Freescale/KSDK_1.2.0/lib/ksdk_platform_lib/kds/KL25Z4/debug/libksdk_platform.a(fsl_gpio_hal.o)
                              ./sources/hal/util/tc_hal.o (GPIO_HAL_SetPinDir)
C:/Freescale/KSDK_1.2.0/lib/ksdk_platform_lib/kds/KL25Z4/debug/libksdk_platform.a(fsl_clock_MKL25Z4.o)
                              ./sources/hal/mcg/mcg.o (CLOCK_SYS_SetConfiguration)
C:/Freescale/KSDK_1.2.0/lib/ksdk_platform_lib/kds/KL25Z4/debug/libksdk_platform.a(fsl_clock_manager.o)
                              C:/Freescale/KSDK_1.2.0/lib/ksdk_platform_lib/kds/KL25Z4/debug/libksdk_platform.a(fsl_clock_MKL25Z4.o) (CLOCK_SYS_GetSystickFreq)
C:/Freescale/KSDK_1.2.0/lib/ksdk_platform_lib/kds/KL25Z4/debug/libksdk_platform.a(fsl_clock_manager_common.o)
                              C:/Freescale/KSDK_1.2.0/lib/ksdk_platform_lib/kds/KL25Z4/debug/libksdk_platform.a(fsl_clock_MKL25Z4.o) (g_oscBase)
C:/Freescale/KSDK_1.2.0/lib/ksdk_platform_lib/kds/KL25Z4/debug/libksdk_platform.a(fsl_os_abstraction_bm.o)
                              C:/Freescale/KSDK_1.2.0/lib/ksdk_platform_lib/kds/KL25Z4/debug/libksdk_platform.a(fsl_clock_manager.o) (OSA_EnterCritical)
C:/Freescale/KSDK_1.2.0/lib/ksdk_platform_lib/kds/KL25Z4/debug/libksdk_platform.a(fsl_sim_hal_MKL25Z4.o)
                              C:/Freescale/KSDK_1.2.0/lib/ksdk_platform_lib/kds/KL25Z4/debug/libksdk_platform.a(fsl_clock_MKL25Z4.o) (CLOCK_HAL_SetOutDiv)
C:/Freescale/KSDK_1.2.0/lib/ksdk_platform_lib/kds/KL25Z4/debug/libksdk_platform.a(fsl_rtc_common.o)
                              C:/Freescale/KSDK_1.2.0/lib/ksdk_platform_lib/kds/KL25Z4/debug/libksdk_platform.a(fsl_clock_manager.o) (g_rtcBase)
C:/Freescale/KSDK_1.2.0/lib/ksdk_platform_lib/kds/KL25Z4/debug/libksdk_platform.a(fsl_osc_hal.o)
                              C:/Freescale/KSDK_1.2.0/lib/ksdk_platform_lib/kds/KL25Z4/debug/libksdk_platform.a(fsl_clock_manager.o) (OSC_HAL_SetCapacitor)
C:/Freescale/KSDK_1.2.0/lib/ksdk_platform_lib/kds/KL25Z4/debug/libksdk_platform.a(fsl_mcg_hal.o)
                              C:/Freescale/KSDK_1.2.0/lib/ksdk_platform_lib/kds/KL25Z4/debug/libksdk_platform.a(fsl_clock_MKL25Z4.o) (CLOCK_HAL_GetFllClk)
C:/Freescale/KSDK_1.2.0/lib/ksdk_platform_lib/kds/KL25Z4/debug/libksdk_platform.a(fsl_mcg_hal_modes.o)
                              C:/Freescale/KSDK_1.2.0/lib/ksdk_platform_lib/kds/KL25Z4/debug/libksdk_platform.a(fsl_clock_manager.o) (CLOCK_HAL_GetMcgMode)
C:/Freescale/KSDK_1.2.0/lib/ksdk_platform_lib/kds/KL25Z4/debug/libksdk_platform.a(fsl_lptmr_hal.o)
                              C:/Freescale/KSDK_1.2.0/lib/ksdk_platform_lib/kds/KL25Z4/debug/libksdk_platform.a(fsl_lptmr_driver.o) (LPTMR_HAL_Init)
C:/Freescale/KSDK_1.2.0/lib/ksdk_platform_lib/kds/KL25Z4/debug/libksdk_platform.a(fsl_lptmr_common.o)
                              C:/Freescale/KSDK_1.2.0/lib/ksdk_platform_lib/kds/KL25Z4/debug/libksdk_platform.a(fsl_lptmr_driver.o) (g_lptmrIrqId)
C:/Freescale/KSDK_1.2.0/lib/ksdk_platform_lib/kds/KL25Z4/debug/libksdk_platform.a(fsl_interrupt_manager.o)
                              C:/Freescale/KSDK_1.2.0/lib/ksdk_platform_lib/kds/KL25Z4/debug/libksdk_platform.a(fsl_os_abstraction_bm.o) (INT_SYS_InstallHandler)
c:/freescale/kds_3.0.0/toolchain/bin/../lib/gcc/arm-none-eabi/4.8.4/armv6-m\libgcc.a(_thumb1_case_uqi.o)
                              C:/Freescale/KSDK_1.2.0/lib/ksdk_platform_lib/kds/KL25Z4/debug/libksdk_platform.a(fsl_clock_MKL25Z4.o) (__gnu_thumb1_case_uqi)
c:/freescale/kds_3.0.0/toolchain/bin/../lib/gcc/arm-none-eabi/4.8.4/armv6-m\libgcc.a(_udivsi3.o)
                              ./sources/hal/uart/print_scan.o (__aeabi_uidiv)
c:/freescale/kds_3.0.0/toolchain/bin/../lib/gcc/arm-none-eabi/4.8.4/armv6-m\libgcc.a(_divsi3.o)
                              ./sources/hal/uart/print_scan.o (__aeabi_idiv)
c:/freescale/kds_3.0.0/toolchain/bin/../lib/gcc/arm-none-eabi/4.8.4/armv6-m\libgcc.a(_dvmd_tls.o)
                              c:/freescale/kds_3.0.0/toolchain/bin/../lib/gcc/arm-none-eabi/4.8.4/armv6-m\libgcc.a(_udivsi3.o) (__aeabi_idiv0)
c:/freescale/kds_3.0.0/toolchain/bin/../lib/gcc/arm-none-eabi/4.8.4/../../../../arm-none-eabi/lib/armv6-m\libg_s.a(lib_a-assert.o)
                              ./sources/hal/util/tc_hal.o (__assert_func)
c:/freescale/kds_3.0.0/toolchain/bin/../lib/gcc/arm-none-eabi/4.8.4/../../../../arm-none-eabi/lib/armv6-m\libg_s.a(lib_a-calloc.o)
[...]
Memory Configuration

Name             Origin             Length             Attributes
m_interrupts     0x00000000         0x00000100         xr
m_flash_config   0x00000400         0x00000010         xr
m_text           0x00000410         0x0001fbf0         xr
m_data           0x1ffff000         0x00004000         rw
*default*        0x00000000         0xffffffff

Linker script and memory map

LOAD c:/freescale/kds_3.0.0/toolchain/bin/../lib/gcc/arm-none-eabi/4.8.4/armv6-m/crti.o
LOAD c:/freescale/kds_3.0.0/toolchain/bin/../lib/gcc/arm-none-eabi/4.8.4/armv6-m/crtbegin.o
LOAD c:/freescale/kds_3.0.0/toolchain/bin/../lib/gcc/arm-none-eabi/4.8.4/../../../../arm-none-eabi/lib/armv6-m/crt0.o
LOAD ./sources/hal/util/tc_hal.o
LOAD ./sources/hal/util/util.o
LOAD ./sources/hal/uart/debugUart.o
LOAD ./sources/hal/uart/fsl_debug_console.o
LOAD ./sources/hal/uart/interpreter.o
LOAD ./sources/hal/uart/print_scan.o
LOAD ./sources/hal/tach/tach.o
LOAD ./sources/hal/pwm/pwm.o
LOAD ./sources/hal/mcg/mcg.o
LOAD ./sources/hal/ledswi/ledswi.o
LOAD ./sources/hal/lcd/lcd.o
LOAD ./sources/hal/display_7segments/display_7segments.o
LOAD ./sources/hal/cooler/cooler.o
LOAD ./sources/hal/buzzer/buzzer.o
LOAD ./sources/main.o
LOAD ./Project_Settings/Startup_Code/startup.o
LOAD ./Project_Settings/Startup_Code/startup_MKL25Z4.o
LOAD ./Project_Settings/Startup_Code/system_MKL25Z4.o
LOAD C:/Freescale/KSDK_1.2.0/lib/ksdk_platform_lib/kds/KL25Z4/debug/libksdk_platform.a
LOAD c:/freescale/kds_3.0.0/toolchain/bin/../lib/gcc/arm-none-eabi/4.8.4/../../../../arm-none-eabi/lib/armv6-m\libstdc++_s.a
LOAD c:/freescale/kds_3.0.0/toolchain/bin/../lib/gcc/arm-none-eabi/4.8.4/../../../../arm-none-eabi/lib/armv6-m\libm.a
START GROUP
LOAD c:/freescale/kds_3.0.0/toolchain/bin/../lib/gcc/arm-none-eabi/4.8.4/armv6-m\libgcc.a
LOAD c:/freescale/kds_3.0.0/toolchain/bin/../lib/gcc/arm-none-eabi/4.8.4/../../../../arm-none-eabi/lib/armv6-m\libg_s.a
LOAD c:/freescale/kds_3.0.0/toolchain/bin/../lib/gcc/arm-none-eabi/4.8.4/../../../../arm-none-eabi/lib/armv6-m\libc_s.a
END GROUP
START GROUP
LOAD c:/freescale/kds_3.0.0/toolchain/bin/../lib/gcc/arm-none-eabi/4.8.4/armv6-m\libgcc.a
LOAD c:/freescale/kds_3.0.0/toolchain/bin/../lib/gcc/arm-none-eabi/4.8.4/../../../../arm-none-eabi/lib/armv6-m\libc_s.a
LOAD c:/freescale/kds_3.0.0/toolchain/bin/../lib/gcc/arm-none-eabi/4.8.4/../../../../arm-none-eabi/lib/armv6-m\libnosys.a
END GROUP
START GROUP
LOAD c:/freescale/kds_3.0.0/toolchain/bin/../lib/gcc/arm-none-eabi/4.8.4/armv6-m\libgcc.a
LOAD c:/freescale/kds_3.0.0/toolchain/bin/../lib/gcc/arm-none-eabi/4.8.4/../../../../arm-none-eabi/lib/armv6-m\libc_s.a
LOAD c:/freescale/kds_3.0.0/toolchain/bin/../lib/gcc/arm-none-eabi/4.8.4/../../../../arm-none-eabi/lib/armv6-m\libnosys.a
END GROUP
LOAD c:/freescale/kds_3.0.0/toolchain/bin/../lib/gcc/arm-none-eabi/4.8.4/armv6-m/crtend.o
LOAD c:/freescale/kds_3.0.0/toolchain/bin/../lib/gcc/arm-none-eabi/4.8.4/armv6-m/crtn.o
                0x00000400                HEAP_SIZE = DEFINED (__heap_size__)?__heap_size__:0x400
                0x00000400                STACK_SIZE = DEFINED (__stack_size__)?__stack_size__:0x400
                0x00000000                M_VECTOR_RAM_SIZE = DEFINED (__ram_vector_table__)?0x100:0x0

.interrupts     0x00000000       0xc0
                0x00000000                __VECTOR_TABLE = .
                0x00000000                . = ALIGN (0x4)
 *(.isr_vector)
 .isr_vector    0x00000000       0xc0 ./Project_Settings/Startup_Code/startup_MKL25Z4.o
                0x00000000                __isr_vector
                0x000000c0                . = ALIGN (0x4)

.flash_config   0x00000400       0x10
                0x00000400                . = ALIGN (0x4)
 *(.FlashConfig)
 .FlashConfig   0x00000400       0x10 ./Project_Settings/Startup_Code/startup_MKL25Z4.o
                0x00000410                . = ALIGN (0x4)

.text           0x00000410     0x36c8
                0x00000410                . = ALIGN (0x4)
 *(.text)
 .text          0x00000410       0x60 c:/freescale/kds_3.0.0/toolchain/bin/../lib/gcc/arm-none-eabi/4.8.4/armv6-m/crtbegin.o
 .text          0x00000470       0x78 c:/freescale/kds_3.0.0/toolchain/bin/../lib/gcc/arm-none-eabi/4.8.4/../../../../arm-none-eabi/lib/armv6-m/crt0.o
                0x00000470                _start
                0x00000470                _mainCRTStartup
 .text          0x000004e8       0x18 ./Project_Settings/Startup_Code/startup_MKL25Z4.o
                0x000004e8                Reset_Handler
                0x000004f8                HardFault_Handler
                0x000004f8                SysTick_Handler
                0x000004f8                PendSV_Handler
                0x000004f8                NMI_Handler
                0x000004f8                I2C1_IRQHandler
                0x000004f8                UART1_IRQHandler
                0x000004f8                DMA2_IRQHandler
                0x000004f8                TPM0_IRQHandler
                0x000004f8                LLWU_IRQHandler
                0x000004f8                TSI0_IRQHandler
                0x000004f8                UART0_IRQHandler
                0x000004f8                ADC0_IRQHandler
                0x000004f8                Reserved39_IRQHandler
                0x000004f8                SPI1_IRQHandler
                0x000004f8                DefaultISR
                0x000004f8                PORTD_IRQHandler
                0x000004f8                TPM2_IRQHandler
                0x000004f8                RTC_IRQHandler
                0x000004f8                I2C0_IRQHandler
                0x000004f8                RTC_Seconds_IRQHandler
                0x000004f8                MCG_IRQHandler
                0x000004f8                UART2_IRQHandler
                0x000004f8                Reserved20_IRQHandler
                0x000004f8                USB0_IRQHandler
                0x000004f8                PIT_IRQHandler
                0x000004f8                SVC_Handler
                0x000004f8                DMA3_IRQHandler
                0x000004f8                DMA0_IRQHandler
                0x000004f8                DAC0_IRQHandler
                0x000004f8                Reserved45_IRQHandler
                0x000004f8                TPM1_IRQHandler
                0x000004f8                LVD_LVW_IRQHandler
                0x000004f8                SPI0_IRQHandler
                0x000004f8                PORTA_IRQHandler
                0x000004f8                FTFA_IRQHandler
                0x000004f8                CMP0_IRQHandler
                0x000004f8                DMA1_IRQHandler
 .text          0x00000500       0x14 c:/freescale/kds_3.0.0/toolchain/bin/../lib/gcc/arm-none-eabi/4.8.4/armv6-m\libgcc.a(_thumb1_case_uqi.o)
                0x00000500                __gnu_thumb1_case_uqi
 .text          0x00000514       0x9c c:/freescale/kds_3.0.0/toolchain/bin/../lib/gcc/arm-none-eabi/4.8.4/armv6-m\libgcc.a(_udivsi3.o)
                0x00000514                __aeabi_uidiv
                0x00000514                __udivsi3
                0x0000059c                __aeabi_uidivmod
 .text          0x000005b0       0xc0 c:/freescale/kds_3.0.0/toolchain/bin/../lib/gcc/arm-none-eabi/4.8.4/armv6-m\libgcc.a(_divsi3.o)
                0x000005b0                __divsi3
                0x000005b0                __aeabi_idiv
                0x0000065c                __aeabi_idivmod
 .text          0x00000670        0x4 c:/freescale/kds_3.0.0/toolchain/bin/../lib/gcc/arm-none-eabi/4.8.4/armv6-m\libgcc.a(_dvmd_tls.o)
                0x00000670                __aeabi_idiv0
                0x00000670                __aeabi_ldiv0
 *(.text*)
 .text.LPTMR0_IRQHandler
                0x00000674       0x10 ./sources/hal/util/tc_hal.o
                0x00000674                LPTMR0_IRQHandler
 .text.tc_installLptmr0
                0x00000684       0x40 ./sources/hal/util/tc_hal.o
                0x00000684                tc_installLptmr0
 .text.util_genDelay180us
                0x000006c4       0x48 ./sources/hal/util/util.o
                0x000006c4                util_genDelay180us
 .text.util_genDelay500us
                0x0000070c       0x44 ./sources/hal/util/util.o
                0x0000070c                util_genDelay500us
 .text.util_genDelay1ms
                0x00000750       0x10 ./sources/hal/util/util.o
                0x00000750                util_genDelay1ms
 .text.CLOCK_HAL_SetLpsciSrc
                0x00000760       0x30 ./sources/hal/uart/debugUart.o
 .text.CLOCK_SYS_SetLpsciSrc
                0x00000790       0x2c ./sources/hal/uart/debugUart.o
 .text.PORT_HAL_SetMuxMode
                0x000007bc       0x4c ./sources/hal/uart/debugUart.o
 .text.debugUart_init
                0x00000808       0x3c ./sources/hal/uart/debugUart.o
                0x00000808                debugUart_init
 .text.UART_HAL_EnableTransmitter
                0x00000844       0x1c ./sources/hal/uart/fsl_debug_console.o
 .text.UART_HAL_EnableReceiver
                0x00000860       0x1c ./sources/hal/uart/fsl_debug_console.o
 .text.UART_HAL_SetBitCountPerChar
                0x0000087c       0x28 ./sources/hal/uart/fsl_debug_console.o
 .text.UART_HAL_SetStopBitCount
                0x000008a4       0x28 ./sources/hal/uart/fsl_debug_console.o
 .text.LPSCI_HAL_EnableTransmitter
                0x000008cc       0x1c ./sources/hal/uart/fsl_debug_console.o
 .text.LPSCI_HAL_EnableReceiver
                0x000008e8       0x1c ./sources/hal/uart/fsl_debug_console.o
 .text.LPSCI_HAL_SetBitCountPerChar
                0x00000904       0x28 ./sources/hal/uart/fsl_debug_console.o
 .text.LPSCI_HAL_SetStopBitCount
                0x0000092c       0x28 ./sources/hal/uart/fsl_debug_console.o
 .text.DbgConsole_Init
                0x00000954      0x160 ./sources/hal/uart/fsl_debug_console.o
                0x00000954                DbgConsole_Init
 .text._write   0x00000ab4       0x5c ./sources/hal/uart/fsl_debug_console.o
                0x00000ab4                _write
 .text._read    0x00000b10       0x48 ./sources/hal/uart/fsl_debug_console.o
                0x00000b10                _read
 .text.interpreter_init
                0x00000b58        0xc ./sources/hal/uart/interpreter.o
                0x00000b58                interpreter_init
 .text.tach_init
                0x00000b64       0x6c ./sources/hal/tach/tach.o
                0x00000b64                tach_init
 .text.SMC_HAL_SetProtection
                0x00000bd0       0x1c ./sources/hal/mcg/mcg.o
 .text.PORT_HAL_SetMuxMode
                0x00000bec       0x4c ./sources/hal/mcg/mcg.o
 .text.mcg_initOsc0
                0x00000c38       0x40 ./sources/hal/mcg/mcg.o
                0x00000c38                mcg_initOsc0
 .text.mcg_initRtcOsc
                0x00000c78       0x40 ./sources/hal/mcg/mcg.o
                0x00000c78                mcg_initRtcOsc
 .text.mcg_initSystemClock
                0x00000cb8       0x14 ./sources/hal/mcg/mcg.o
                0x00000cb8                mcg_initSystemClock
 .text.mcg_clockInit
                0x00000ccc       0x50 ./sources/hal/mcg/mcg.o
                0x00000ccc                mcg_clockInit
 .text.ledswi_initLedSwitch
                0x00000d1c       0xd8 ./sources/hal/ledswi/ledswi.o
                0x00000d1c                ledswi_initLedSwitch
 .text.lcd_initLcd
                0x00000df4       0xc0 ./sources/hal/lcd/lcd.o
                0x00000df4                lcd_initLcd
 .text.lcd_write2Lcd
                0x00000eb4       0x84 ./sources/hal/lcd/lcd.o
                0x00000eb4                lcd_write2Lcd
 .text.lcd_writeData
                0x00000f38       0x20 ./sources/hal/lcd/lcd.o
                0x00000f38                lcd_writeData
 .text.lcd_sendCommand
                0x00000f58       0x20 ./sources/hal/lcd/lcd.o
                0x00000f58                lcd_sendCommand
 .text.lcd_setCursor
                0x00000f78       0x58 ./sources/hal/lcd/lcd.o
                0x00000f78                lcd_setCursor
 .text.lcd_writeString
                0x00000fd0       0x28 ./sources/hal/lcd/lcd.o
                0x00000fd0                lcd_writeString
 .text.display_7segments_initDisplays
                0x00000ff8       0x9c ./sources/hal/display_7segments/display_7segments.o
                0x00000ff8                display_7segments_initDisplays
 .text.cooler_init
                0x00001094       0x44 ./sources/hal/cooler/cooler.o
                0x00001094                cooler_init
 .text.buzzer_init
                0x000010d8       0x30 ./sources/hal/buzzer/buzzer.o
                0x000010d8                buzzer_init
 .text.main_cyclicExecuteIsr
                0x00001108       0x14 ./sources/main.o
                0x00001108                main_cyclicExecuteIsr
 .text.boardInit
                0x0000111c       0x10 ./sources/main.o
                0x0000111c                boardInit
 .text.peripheralInit
                0x0000112c       0x28 ./sources/main.o
                0x0000112c                peripheralInit
 .text.itoa     0x00001154       0x98 ./sources/main.o
                0x00001154                itoa
 .text.main     0x000011ec       0xa8 ./sources/main.o
                0x000011ec                main
 .text.init_data_bss
                0x00001294       0xc8 ./Project_Settings/Startup_Code/startup.o
                0x00001294                init_data_bss
 .text.SystemInit
                0x0000135c       0x18 ./Project_Settings/Startup_Code/system_MKL25Z4.o
                0x0000135c                SystemInit
 .text.UART_HAL_SetBaudRate
                0x00001374       0x34 C:/Freescale/KSDK_1.2.0/lib/ksdk_platform_lib/kds/KL25Z4/debug/libksdk_platform.a(fsl_uart_hal.o)
                0x00001374                UART_HAL_SetBaudRate
 .text.UART_HAL_SetParityMode
                0x000013a8       0x1e C:/Freescale/KSDK_1.2.0/lib/ksdk_platform_lib/kds/KL25Z4/debug/libksdk_platform.a(fsl_uart_hal.o)
                0x000013a8                UART_HAL_SetParityMode
 .text.UART_HAL_SendDataPolling
                0x000013c6       0x22 C:/Freescale/KSDK_1.2.0/lib/ksdk_platform_lib/kds/KL25Z4/debug/libksdk_platform.a(fsl_uart_hal.o)
                0x000013c6                UART_HAL_SendDataPolling
 .text.UART_HAL_ReceiveDataPolling
                0x000013e8       0x38 C:/Freescale/KSDK_1.2.0/lib/ksdk_platform_lib/kds/KL25Z4/debug/libksdk_platform.a(fsl_uart_hal.o)
                0x000013e8                UART_HAL_ReceiveDataPolling
 .text.INT_SYS_DisableIRQ
                0x00001420       0x40 C:/Freescale/KSDK_1.2.0/lib/ksdk_platform_lib/kds/KL25Z4/debug/libksdk_platform.a(fsl_lptmr_driver.o)
 .text.LPTMR_DRV_Init
                0x00001460      0x124 C:/Freescale/KSDK_1.2.0/lib/ksdk_platform_lib/kds/KL25Z4/debug/libksdk_platform.a(fsl_lptmr_driver.o)
                0x00001460                LPTMR_DRV_Init
 .text.LPTMR_DRV_Start
                0x00001584       0x4c C:/Freescale/KSDK_1.2.0/lib/ksdk_platform_lib/kds/KL25Z4/debug/libksdk_platform.a(fsl_lptmr_driver.o)
                0x00001584                LPTMR_DRV_Start
 .text.LPTMR_DRV_SetTimerPeriodUs
                0x000015d0       0xcc C:/Freescale/KSDK_1.2.0/lib/ksdk_platform_lib/kds/KL25Z4/debug/libksdk_platform.a(fsl_lptmr_driver.o)
                0x000015d0                LPTMR_DRV_SetTimerPeriodUs
 .text.LPTMR_DRV_InstallCallback
                0x0000169c       0x38 C:/Freescale/KSDK_1.2.0/lib/ksdk_platform_lib/kds/KL25Z4/debug/libksdk_platform.a(fsl_lptmr_driver.o)
                0x0000169c                LPTMR_DRV_InstallCallback
 .text.LPTMR_DRV_IRQHandler
                0x000016d4       0x6c C:/Freescale/KSDK_1.2.0/lib/ksdk_platform_lib/kds/KL25Z4/debug/libksdk_platform.a(fsl_lptmr_driver.o)
                0x000016d4                LPTMR_DRV_IRQHandler
 .text.LPSCI_HAL_SetBaudRate
                0x00001740       0xcc C:/Freescale/KSDK_1.2.0/lib/ksdk_platform_lib/kds/KL25Z4/debug/libksdk_platform.a(fsl_lpsci_hal.o)
                0x00001740                LPSCI_HAL_SetBaudRate
 .text.LPSCI_HAL_SetParityMode
                0x0000180c       0x1e C:/Freescale/KSDK_1.2.0/lib/ksdk_platform_lib/kds/KL25Z4/debug/libksdk_platform.a(fsl_lpsci_hal.o)
                0x0000180c                LPSCI_HAL_SetParityMode
 .text.LPSCI_HAL_SendDataPolling
                0x0000182a       0x20 C:/Freescale/KSDK_1.2.0/lib/ksdk_platform_lib/kds/KL25Z4/debug/libksdk_platform.a(fsl_lpsci_hal.o)
                0x0000182a                LPSCI_HAL_SendDataPolling
 .text.LPSCI_HAL_ReceiveDataPolling
                0x0000184a       0x36 C:/Freescale/KSDK_1.2.0/lib/ksdk_platform_lib/kds/KL25Z4/debug/libksdk_platform.a(fsl_lpsci_hal.o)
                0x0000184a                LPSCI_HAL_ReceiveDataPolling
 .text.SIM_HAL_EnableClock.constprop.7
                0x00001880       0x24 C:/Freescale/KSDK_1.2.0/lib/ksdk_platform_lib/kds/KL25Z4/debug/libksdk_platform.a(fsl_clock_MKL25Z4.o)
 .text.CLOCK_SYS_GetCoreClockFreq
                0x000018a4       0x20 C:/Freescale/KSDK_1.2.0/lib/ksdk_platform_lib/kds/KL25Z4/debug/libksdk_platform.a(fsl_clock_MKL25Z4.o)
                0x000018a4                CLOCK_SYS_GetCoreClockFreq
 .text.CLOCK_SYS_SetConfiguration
                0x000018c4       0x84 C:/Freescale/KSDK_1.2.0/lib/ksdk_platform_lib/kds/KL25Z4/debug/libksdk_platform.a(fsl_clock_MKL25Z4.o)
                0x000018c4                CLOCK_SYS_SetConfiguration
 .text.CLOCK_SYS_FllStableDelay
                0x00001948       0x1c C:/Freescale/KSDK_1.2.0/lib/ksdk_platform_lib/kds/KL25Z4/debug/libksdk_platform.a(fsl_clock_MKL25Z4.o)
 .text.CLOCK_SYS_GetSystemClockFreq
                0x00001964       0x20 C:/Freescale/KSDK_1.2.0/lib/ksdk_platform_lib/kds/KL25Z4/debug/libksdk_platform.a(fsl_clock_MKL25Z4.o)
                0x00001964                CLOCK_SYS_GetSystemClockFreq
 .text.CLOCK_SYS_GetBusClockFreq
                0x00001984       0x18 C:/Freescale/KSDK_1.2.0/lib/ksdk_platform_lib/kds/KL25Z4/debug/libksdk_platform.a(fsl_clock_MKL25Z4.o)
                0x00001984                CLOCK_SYS_GetBusClockFreq
 .text.CLOCK_SYS_GetPllFllClockFreq
                0x0000199c       0x30 C:/Freescale/KSDK_1.2.0/lib/ksdk_platform_lib/kds/KL25Z4/debug/libksdk_platform.a(fsl_clock_MKL25Z4.o)
                0x0000199c                CLOCK_SYS_GetPllFllClockFreq
 .text.CLOCK_SYS_GetExternalRefClock32kFreq
                0x000019cc       0x40 C:/Freescale/KSDK_1.2.0/lib/ksdk_platform_lib/kds/KL25Z4/debug/libksdk_platform.a(fsl_clock_MKL25Z4.o)
                0x000019cc                CLOCK_SYS_GetExternalRefClock32kFreq
 .text.CLOCK_SYS_GetOsc0ExternalRefClockFreq
                0x00001a0c       0x24 C:/Freescale/KSDK_1.2.0/lib/ksdk_platform_lib/kds/KL25Z4/debug/libksdk_platform.a(fsl_clock_MKL25Z4.o)
                0x00001a0c                CLOCK_SYS_GetOsc0ExternalRefClockFreq
 .text.CLOCK_SYS_GetLptmrFreq
                0x00001a30       0x30 C:/Freescale/KSDK_1.2.0/lib/ksdk_platform_lib/kds/KL25Z4/debug/libksdk_platform.a(fsl_clock_MKL25Z4.o)
                0x00001a30                CLOCK_SYS_GetLptmrFreq
 .text.CLOCK_SYS_GetLpsciFreq
                0x00001a60       0x34 C:/Freescale/KSDK_1.2.0/lib/ksdk_platform_lib/kds/KL25Z4/debug/libksdk_platform.a(fsl_clock_MKL25Z4.o)
                0x00001a60                CLOCK_SYS_GetLpsciFreq
 .text.CLOCK_SYS_GetUartFreq
                0x00001a94       0x10 C:/Freescale/KSDK_1.2.0/lib/ksdk_platform_lib/kds/KL25Z4/debug/libksdk_platform.a(fsl_clock_MKL25Z4.o)
                0x00001a94                CLOCK_SYS_GetUartFreq
 .text.CLOCK_SYS_EnablePortClock
                0x00001aa4       0x30 C:/Freescale/KSDK_1.2.0/lib/ksdk_platform_lib/kds/KL25Z4/debug/libksdk_platform.a(fsl_clock_MKL25Z4.o)
                0x00001aa4                CLOCK_SYS_EnablePortClock
 .text.CLOCK_SYS_EnableLpsciClock
                0x00001ad4       0x30 C:/Freescale/KSDK_1.2.0/lib/ksdk_platform_lib/kds/KL25Z4/debug/libksdk_platform.a(fsl_clock_MKL25Z4.o)
                0x00001ad4                CLOCK_SYS_EnableLpsciClock
 .text.CLOCK_SYS_EnableUartClock
                0x00001b04       0x30 C:/Freescale/KSDK_1.2.0/lib/ksdk_platform_lib/kds/KL25Z4/debug/libksdk_platform.a(fsl_clock_MKL25Z4.o)
                0x00001b04                CLOCK_SYS_EnableUartClock
 .text.CLOCK_SYS_SetMcgPeeToFbe
                0x00001b34       0x30 C:/Freescale/KSDK_1.2.0/lib/ksdk_platform_lib/kds/KL25Z4/debug/libksdk_platform.a(fsl_clock_manager.o)
 .text.CLOCK_SYS_SetMcgMode
                0x00001b64      0x134 C:/Freescale/KSDK_1.2.0/lib/ksdk_platform_lib/kds/KL25Z4/debug/libksdk_platform.a(fsl_clock_manager.o)
                0x00001b64                CLOCK_SYS_SetMcgMode
 .text.CLOCK_SYS_SetOscerConfigration
                0x00001c98       0x28 C:/Freescale/KSDK_1.2.0/lib/ksdk_platform_lib/kds/KL25Z4/debug/libksdk_platform.a(fsl_clock_manager.o)
                0x00001c98                CLOCK_SYS_SetOscerConfigration
 .text.CLOCK_SYS_OscInit
                0x00001cc0       0x98 C:/Freescale/KSDK_1.2.0/lib/ksdk_platform_lib/kds/KL25Z4/debug/libksdk_platform.a(fsl_clock_manager.o)
                0x00001cc0                CLOCK_SYS_OscInit
 .text.CLOCK_SYS_RtcOscInit
                0x00001d58       0xa0 C:/Freescale/KSDK_1.2.0/lib/ksdk_platform_lib/kds/KL25Z4/debug/libksdk_platform.a(fsl_clock_manager.o)
                0x00001d58                CLOCK_SYS_RtcOscInit
 .text.CLOCK_HAL_SetOutDiv
                0x00001df8       0x1c C:/Freescale/KSDK_1.2.0/lib/ksdk_platform_lib/kds/KL25Z4/debug/libksdk_platform.a(fsl_sim_hal_MKL25Z4.o)
                0x00001df8                CLOCK_HAL_SetOutDiv
 .text.OSC_HAL_SetCapacitor
                0x00001e14        0xe C:/Freescale/KSDK_1.2.0/lib/ksdk_platform_lib/kds/KL25Z4/debug/libksdk_platform.a(fsl_osc_hal.o)
                0x00001e14                OSC_HAL_SetCapacitor
 *fill*         0x00001e22        0x2 
 .text.CLOCK_HAL_TestOscFreq
                0x00001e24        0xc C:/Freescale/KSDK_1.2.0/lib/ksdk_platform_lib/kds/KL25Z4/debug/libksdk_platform.a(fsl_mcg_hal.o)
                0x00001e24                CLOCK_HAL_TestOscFreq
 .text.CLOCK_HAL_TestFllExternalRefFreq
                0x00001e30       0x36 C:/Freescale/KSDK_1.2.0/lib/ksdk_platform_lib/kds/KL25Z4/debug/libksdk_platform.a(fsl_mcg_hal.o)
                0x00001e30                CLOCK_HAL_TestFllExternalRefFreq
 *fill*         0x00001e66        0x2 
 .text.CLOCK_HAL_GetFllRefClk
                0x00001e68       0x44 C:/Freescale/KSDK_1.2.0/lib/ksdk_platform_lib/kds/KL25Z4/debug/libksdk_platform.a(fsl_mcg_hal.o)
                0x00001e68                CLOCK_HAL_GetFllRefClk
 .text.CLOCK_HAL_TestFllFreq
                0x00001eac       0x38 C:/Freescale/KSDK_1.2.0/lib/ksdk_platform_lib/kds/KL25Z4/debug/libksdk_platform.a(fsl_mcg_hal.o)
                0x00001eac                CLOCK_HAL_TestFllFreq
 .text.CLOCK_HAL_GetFllClk
                0x00001ee4       0x40 C:/Freescale/KSDK_1.2.0/lib/ksdk_platform_lib/kds/KL25Z4/debug/libksdk_platform.a(fsl_mcg_hal.o)
                0x00001ee4                CLOCK_HAL_GetFllClk
 .text.CLOCK_HAL_UpdateFastClkInternalRefDiv
                0x00001f24       0x60 C:/Freescale/KSDK_1.2.0/lib/ksdk_platform_lib/kds/KL25Z4/debug/libksdk_platform.a(fsl_mcg_hal.o)
                0x00001f24                CLOCK_HAL_UpdateFastClkInternalRefDiv
 .text.CLOCK_HAL_GetPll0Clk
                0x00001f84       0x48 C:/Freescale/KSDK_1.2.0/lib/ksdk_platform_lib/kds/KL25Z4/debug/libksdk_platform.a(fsl_mcg_hal.o)
                0x00001f84                CLOCK_HAL_GetPll0Clk
 .text.CLOCK_HAL_EnablePll0InFllMode
                0x00001fcc       0x38 C:/Freescale/KSDK_1.2.0/lib/ksdk_platform_lib/kds/KL25Z4/debug/libksdk_platform.a(fsl_mcg_hal.o)
                0x00001fcc                CLOCK_HAL_EnablePll0InFllMode
 .text.CLOCK_HAL_GetInternalRefClk
                0x00002004       0x40 C:/Freescale/KSDK_1.2.0/lib/ksdk_platform_lib/kds/KL25Z4/debug/libksdk_platform.a(fsl_mcg_hal.o)
                0x00002004                CLOCK_HAL_GetInternalRefClk
 .text.CLOCK_HAL_GetOutClk
                0x00002044       0x48 C:/Freescale/KSDK_1.2.0/lib/ksdk_platform_lib/kds/KL25Z4/debug/libksdk_platform.a(fsl_mcg_hal.o)
                0x00002044                CLOCK_HAL_GetOutClk
 .text.CLOCK_HAL_SetOsc0Mode
                0x0000208c       0x24 C:/Freescale/KSDK_1.2.0/lib/ksdk_platform_lib/kds/KL25Z4/debug/libksdk_platform.a(fsl_mcg_hal.o)
                0x0000208c                CLOCK_HAL_SetOsc0Mode
 .text.CLOCK_HAL_PrepareOsc.isra.0
                0x000020b0       0x1e C:/Freescale/KSDK_1.2.0/lib/ksdk_platform_lib/kds/KL25Z4/debug/libksdk_platform.a(fsl_mcg_hal_modes.o)
 *fill*         0x000020ce        0x2 
 .text.CLOCK_HAL_GetMcgMode
                0x000020d0       0x8c C:/Freescale/KSDK_1.2.0/lib/ksdk_platform_lib/kds/KL25Z4/debug/libksdk_platform.a(fsl_mcg_hal_modes.o)
                0x000020d0                CLOCK_HAL_GetMcgMode
 .text.CLOCK_HAL_SetFbiMode
                0x0000215c       0xc0 C:/Freescale/KSDK_1.2.0/lib/ksdk_platform_lib/kds/KL25Z4/debug/libksdk_platform.a(fsl_mcg_hal_modes.o)
                0x0000215c                CLOCK_HAL_SetFbiMode
 .text.CLOCK_HAL_SetFbeMode
                0x0000221c       0xd0 C:/Freescale/KSDK_1.2.0/lib/ksdk_platform_lib/kds/KL25Z4/debug/libksdk_platform.a(fsl_mcg_hal_modes.o)
                0x0000221c                CLOCK_HAL_SetFbeMode
 .text.CLOCK_HAL_SetPbeMode
                0x000022ec       0xc8 C:/Freescale/KSDK_1.2.0/lib/ksdk_platform_lib/kds/KL25Z4/debug/libksdk_platform.a(fsl_mcg_hal_modes.o)
                0x000022ec                CLOCK_HAL_SetPbeMode
 .text.LPTMR_HAL_SetTimerWorkingMode
                0x000023b4       0x3a C:/Freescale/KSDK_1.2.0/lib/ksdk_platform_lib/kds/KL25Z4/debug/libksdk_platform.a(fsl_lptmr_hal.o)
                0x000023b4                LPTMR_HAL_SetTimerWorkingMode
 .text.LPTMR_HAL_SetPrescalerMode
                0x000023ee       0x1e C:/Freescale/KSDK_1.2.0/lib/ksdk_platform_lib/kds/KL25Z4/debug/libksdk_platform.a(fsl_lptmr_hal.o)
                0x000023ee                LPTMR_HAL_SetPrescalerMode
 .text.__assert_func
                0x0000240c       0x3c c:/freescale/kds_3.0.0/toolchain/bin/../lib/gcc/arm-none-eabi/4.8.4/../../../../arm-none-eabi/lib/armv6-m\libg_s.a(lib_a-assert.o)
                0x0000240c                __assert_func
 .text.exit     0x00002448       0x2c c:/freescale/kds_3.0.0/toolchain/bin/../lib/gcc/arm-none-eabi/4.8.4/../../../../arm-none-eabi/lib/armv6-m\libg_s.a(lib_a-exit.o)
                0x00002448                exit
 .text.fprintf  0x00002474       0x24 c:/freescale/kds_3.0.0/toolchain/bin/../lib/gcc/arm-none-eabi/4.8.4/../../../../arm-none-eabi/lib/armv6-m\libg_s.a(lib_a-fprintf.o)
                0x00002474                fiprintf
                0x00002474                fprintf
 .text.__libc_init_array
                0x00002498       0x4c c:/freescale/kds_3.0.0/toolchain/bin/../lib/gcc/arm-none-eabi/4.8.4/../../../../arm-none-eabi/lib/armv6-m\libg_s.a(lib_a-init.o)
                0x00002498                __libc_init_array
 .text.memset   0x000024e4       0x10 c:/freescale/kds_3.0.0/toolchain/bin/../lib/gcc/arm-none-eabi/4.8.4/../../../../arm-none-eabi/lib/armv6-m\libg_s.a(lib_a-memset.o)
                0x000024e4                memset
 .text._free_r  0x000024f4       0x90 c:/freescale/kds_3.0.0/toolchain/bin/../lib/gcc/arm-none-eabi/4.8.4/../../../../arm-none-eabi/lib/armv6-m\libg_s.a(lib_a-nano-freer.o)
                0x000024f4                _free_r
 .text._malloc_r
                0x00002584       0xa8 c:/freescale/kds_3.0.0/toolchain/bin/../lib/gcc/arm-none-eabi/4.8.4/../../../../arm-none-eabi/lib/armv6-m\libg_s.a(lib_a-nano-mallocr.o)
                0x00002584                _malloc_r
 .text._sbrk_r  0x0000262c       0x24 c:/freescale/kds_3.0.0/toolchain/bin/../lib/gcc/arm-none-eabi/4.8.4/../../../../arm-none-eabi/lib/armv6-m\libg_s.a(lib_a-sbrkr.o)
                0x0000262c                _sbrk_r
 .text.strlen   0x00002650        0xe c:/freescale/kds_3.0.0/toolchain/bin/../lib/gcc/arm-none-eabi/4.8.4/../../../../arm-none-eabi/lib/armv6-m\libg_s.a(lib_a-strlen.o)
                0x00002650                strlen
 .text.__sfputc_r
                0x0000265e       0x2a c:/freescale/kds_3.0.0/toolchain/bin/../lib/gcc/arm-none-eabi/4.8.4/../../../../arm-none-eabi/lib/armv6-m\libg_s.a(lib_a-vfprintf.o)
 .text.__sfputs_r
                0x00002688       0x24 c:/freescale/kds_3.0.0/toolchain/bin/../lib/gcc/arm-none-eabi/4.8.4/../../../../arm-none-eabi/lib/armv6-m\libg_s.a(lib_a-vfprintf.o)
                0x00002688                __sfputs_r
 .text._vfprintf_r
                0x000026ac      0x210 c:/freescale/kds_3.0.0/toolchain/bin/../lib/gcc/arm-none-eabi/4.8.4/../../../../arm-none-eabi/lib/armv6-m\libg_s.a(lib_a-vfprintf.o)
                0x000026ac                _vfprintf_r
                0x000026ac                _vfiprintf_r
 .text._printf_common
                0x000028bc       0xe8 c:/freescale/kds_3.0.0/toolchain/bin/../lib/gcc/arm-none-eabi/4.8.4/../../../../arm-none-eabi/lib/armv6-m\libg_s.a(lib_a-vfprintf_i.o)
                0x000028bc                _printf_common
 .text._printf_i
                0x000029a4      0x22c c:/freescale/kds_3.0.0/toolchain/bin/../lib/gcc/arm-none-eabi/4.8.4/../../../../arm-none-eabi/lib/armv6-m\libg_s.a(lib_a-vfprintf_i.o)
                0x000029a4                _printf_i
 .text.__swbuf_r
                0x00002bd0       0xb0 c:/freescale/kds_3.0.0/toolchain/bin/../lib/gcc/arm-none-eabi/4.8.4/../../../../arm-none-eabi/lib/armv6-m\libg_s.a(lib_a-wbuf.o)
                0x00002bd0                __swbuf_r
 .text.__swsetup_r
                0x00002c80       0xe4 c:/freescale/kds_3.0.0/toolchain/bin/../lib/gcc/arm-none-eabi/4.8.4/../../../../arm-none-eabi/lib/armv6-m\libg_s.a(lib_a-wsetup.o)
                0x00002c80                __swsetup_r
 .text.abort    0x00002d64        0xe c:/freescale/kds_3.0.0/toolchain/bin/../lib/gcc/arm-none-eabi/4.8.4/../../../../arm-none-eabi/lib/armv6-m\libg_s.a(lib_a-abort.o)
                0x00002d64                abort
 .text.__sflush_r
                0x00002d72      0x112 c:/freescale/kds_3.0.0/toolchain/bin/../lib/gcc/arm-none-eabi/4.8.4/../../../../arm-none-eabi/lib/armv6-m\libg_s.a(lib_a-fflush.o)
                0x00002d72                __sflush_r
 .text._fflush_r
                0x00002e84       0x58 c:/freescale/kds_3.0.0/toolchain/bin/../lib/gcc/arm-none-eabi/4.8.4/../../../../arm-none-eabi/lib/armv6-m\libg_s.a(lib_a-fflush.o)
                0x00002e84                _fflush_r
 .text._cleanup_r
                0x00002edc       0x34 c:/freescale/kds_3.0.0/toolchain/bin/../lib/gcc/arm-none-eabi/4.8.4/../../../../arm-none-eabi/lib/armv6-m\libg_s.a(lib_a-findfp.o)
                0x00002edc                _cleanup_r
 .text.std.isra.0
                0x00002f10       0x48 c:/freescale/kds_3.0.0/toolchain/bin/../lib/gcc/arm-none-eabi/4.8.4/../../../../arm-none-eabi/lib/armv6-m\libg_s.a(lib_a-findfp.o)
 .text.__sfmoreglue
                0x00002f58       0x2c c:/freescale/kds_3.0.0/toolchain/bin/../lib/gcc/arm-none-eabi/4.8.4/../../../../arm-none-eabi/lib/armv6-m\libg_s.a(lib_a-findfp.o)
                0x00002f58                __sfmoreglue
 .text.__sinit  0x00002f84       0x64 c:/freescale/kds_3.0.0/toolchain/bin/../lib/gcc/arm-none-eabi/4.8.4/../../../../arm-none-eabi/lib/armv6-m\libg_s.a(lib_a-findfp.o)
                0x00002f84                __sinit
 .text.__sfp    0x00002fe8       0x7c c:/freescale/kds_3.0.0/toolchain/bin/../lib/gcc/arm-none-eabi/4.8.4/../../../../arm-none-eabi/lib/armv6-m\libg_s.a(lib_a-findfp.o)
                0x00002fe8                __sfp
 .text.__smakebuf_r
                0x00003064       0xa0 c:/freescale/kds_3.0.0/toolchain/bin/../lib/gcc/arm-none-eabi/4.8.4/../../../../arm-none-eabi/lib/armv6-m\libg_s.a(lib_a-makebuf.o)
                0x00003064                __smakebuf_r
 .text.memchr   0x00003104       0x16 c:/freescale/kds_3.0.0/toolchain/bin/../lib/gcc/arm-none-eabi/4.8.4/../../../../arm-none-eabi/lib/armv6-m\libg_s.a(lib_a-memchr-stub.o)
                0x00003104                memchr
 .text._raise_r
                0x0000311a       0x56 c:/freescale/kds_3.0.0/toolchain/bin/../lib/gcc/arm-none-eabi/4.8.4/../../../../arm-none-eabi/lib/armv6-m\libg_s.a(lib_a-signal.o)
                0x0000311a                _raise_r
 .text.raise    0x00003170       0x14 c:/freescale/kds_3.0.0/toolchain/bin/../lib/gcc/arm-none-eabi/4.8.4/../../../../arm-none-eabi/lib/armv6-m\libg_s.a(lib_a-signal.o)
                0x00003170                raise
 .text._kill_r  0x00003184       0x24 c:/freescale/kds_3.0.0/toolchain/bin/../lib/gcc/arm-none-eabi/4.8.4/../../../../arm-none-eabi/lib/armv6-m\libg_s.a(lib_a-signalr.o)
                0x00003184                _kill_r
 .text._getpid_r
                0x000031a8        0x8 c:/freescale/kds_3.0.0/toolchain/bin/../lib/gcc/arm-none-eabi/4.8.4/../../../../arm-none-eabi/lib/armv6-m\libg_s.a(lib_a-signalr.o)
                0x000031a8                _getpid_r
 .text.__sread  0x000031b0       0x28 c:/freescale/kds_3.0.0/toolchain/bin/../lib/gcc/arm-none-eabi/4.8.4/../../../../arm-none-eabi/lib/armv6-m\libg_s.a(lib_a-stdio.o)
                0x000031b0                __sread
 .text.__swrite
                0x000031d8       0x38 c:/freescale/kds_3.0.0/toolchain/bin/../lib/gcc/arm-none-eabi/4.8.4/../../../../arm-none-eabi/lib/armv6-m\libg_s.a(lib_a-stdio.o)
                0x000031d8                __swrite
 .text.__sseek  0x00003210       0x2c c:/freescale/kds_3.0.0/toolchain/bin/../lib/gcc/arm-none-eabi/4.8.4/../../../../arm-none-eabi/lib/armv6-m\libg_s.a(lib_a-stdio.o)
                0x00003210                __sseek
 .text.__sclose
                0x0000323c        0xc c:/freescale/kds_3.0.0/toolchain/bin/../lib/gcc/arm-none-eabi/4.8.4/../../../../arm-none-eabi/lib/armv6-m\libg_s.a(lib_a-stdio.o)
                0x0000323c                __sclose
 .text._write_r
                0x00003248       0x28 c:/freescale/kds_3.0.0/toolchain/bin/../lib/gcc/arm-none-eabi/4.8.4/../../../../arm-none-eabi/lib/armv6-m\libg_s.a(lib_a-writer.o)
                0x00003248                _write_r
 .text._close_r
                0x00003270       0x24 c:/freescale/kds_3.0.0/toolchain/bin/../lib/gcc/arm-none-eabi/4.8.4/../../../../arm-none-eabi/lib/armv6-m\libg_s.a(lib_a-closer.o)
                0x00003270                _close_r
 .text._fstat_r
                0x00003294       0x24 c:/freescale/kds_3.0.0/toolchain/bin/../lib/gcc/arm-none-eabi/4.8.4/../../../../arm-none-eabi/lib/armv6-m\libg_s.a(lib_a-fstatr.o)
                0x00003294                _fstat_r
 .text._isatty_r
                0x000032b8       0x24 c:/freescale/kds_3.0.0/toolchain/bin/../lib/gcc/arm-none-eabi/4.8.4/../../../../arm-none-eabi/lib/armv6-m\libg_s.a(lib_a-isattyr.o)
                0x000032b8                _isatty_r
 .text._lseek_r
                0x000032dc       0x28 c:/freescale/kds_3.0.0/toolchain/bin/../lib/gcc/arm-none-eabi/4.8.4/../../../../arm-none-eabi/lib/armv6-m\libg_s.a(lib_a-lseekr.o)
                0x000032dc                _lseek_r
 .text._read_r  0x00003304       0x28 c:/freescale/kds_3.0.0/toolchain/bin/../lib/gcc/arm-none-eabi/4.8.4/../../../../arm-none-eabi/lib/armv6-m\libg_s.a(lib_a-readr.o)
                0x00003304                _read_r
 .text._close   0x0000332c       0x10 c:/freescale/kds_3.0.0/toolchain/bin/../lib/gcc/arm-none-eabi/4.8.4/../../../../arm-none-eabi/lib/armv6-m\libnosys.a(close.o)
                0x0000332c                _close
 .text._fstat   0x0000333c       0x10 c:/freescale/kds_3.0.0/toolchain/bin/../lib/gcc/arm-none-eabi/4.8.4/../../../../arm-none-eabi/lib/armv6-m\libnosys.a(fstat.o)
                0x0000333c                _fstat
 .text._getpid  0x0000334c       0x10 c:/freescale/kds_3.0.0/toolchain/bin/../lib/gcc/arm-none-eabi/4.8.4/../../../../arm-none-eabi/lib/armv6-m\libnosys.a(getpid.o)
                0x0000334c                _getpid
 .text._isatty  0x0000335c       0x10 c:/freescale/kds_3.0.0/toolchain/bin/../lib/gcc/arm-none-eabi/4.8.4/../../../../arm-none-eabi/lib/armv6-m\libnosys.a(isatty.o)
                0x0000335c                _isatty
 .text._kill    0x0000336c       0x10 c:/freescale/kds_3.0.0/toolchain/bin/../lib/gcc/arm-none-eabi/4.8.4/../../../../arm-none-eabi/lib/armv6-m\libnosys.a(kill.o)
                0x0000336c                _kill
 .text._lseek   0x0000337c       0x10 c:/freescale/kds_3.0.0/toolchain/bin/../lib/gcc/arm-none-eabi/4.8.4/../../../../arm-none-eabi/lib/armv6-m\libnosys.a(lseek.o)
                0x0000337c                _lseek
 .text._sbrk    0x0000338c       0x34 c:/freescale/kds_3.0.0/toolchain/bin/../lib/gcc/arm-none-eabi/4.8.4/../../../../arm-none-eabi/lib/armv6-m\libnosys.a(sbrk.o)
                0x0000338c                _sbrk
 .text._exit    0x000033c0        0x4 c:/freescale/kds_3.0.0/toolchain/bin/../lib/gcc/arm-none-eabi/4.8.4/../../../../arm-none-eabi/lib/armv6-m\libnosys.a(_exit.o)
                0x000033c0                _exit
 *(.rodata)
 .rodata        0x000033c4       0x44 ./sources/hal/uart/debugUart.o
 .rodata        0x00003408        0xc ./sources/hal/uart/fsl_debug_console.o
 .rodata        0x00003414       0x44 ./sources/hal/mcg/mcg.o
 .rodata        0x00003458        0xc ./sources/main.o
 *(.rodata*)
 .rodata.__func__.6319
                0x00003464       0x14 ./sources/hal/uart/debugUart.o
 .rodata.g_defaultClockConfigRun
                0x00003478       0x14 ./sources/hal/mcg/mcg.o
                0x00003478                g_defaultClockConfigRun
 .rodata.__func__.5195
                0x0000348c       0x14 ./sources/hal/mcg/mcg.o
 .rodata.ledswi_initLedSwitch
                0x000034a0       0x14 ./sources/hal/ledswi/ledswi.o
 .rodata.__func__.6554
                0x000034b4       0x1a C:/Freescale/KSDK_1.2.0/lib/ksdk_platform_lib/kds/KL25Z4/debug/libksdk_platform.a(fsl_lptmr_driver.o)
 .rodata.__func__.6558
                0x000034ce       0x15 C:/Freescale/KSDK_1.2.0/lib/ksdk_platform_lib/kds/KL25Z4/debug/libksdk_platform.a(fsl_lptmr_driver.o)
 .rodata.str1.1
                0x000034e3      0x11b C:/Freescale/KSDK_1.2.0/lib/ksdk_platform_lib/kds/KL25Z4/debug/libksdk_platform.a(fsl_lptmr_driver.o)
 .rodata.__func__.6506
                0x000035fe        0xf C:/Freescale/KSDK_1.2.0/lib/ksdk_platform_lib/kds/KL25Z4/debug/libksdk_platform.a(fsl_lptmr_driver.o)
 .rodata.__func__.5685
                0x0000360d       0x12 C:/Freescale/KSDK_1.2.0/lib/ksdk_platform_lib/kds/KL25Z4/debug/libksdk_platform.a(fsl_lptmr_driver.o)
 .rodata.__func__.5689
                0x0000361f       0x13 C:/Freescale/KSDK_1.2.0/lib/ksdk_platform_lib/kds/KL25Z4/debug/libksdk_platform.a(fsl_lptmr_driver.o)
 .rodata.__func__.6518
                0x00003632       0x10 C:/Freescale/KSDK_1.2.0/lib/ksdk_platform_lib/kds/KL25Z4/debug/libksdk_platform.a(fsl_lptmr_driver.o)
 .rodata.__func__.6529
                0x00003642       0x1b C:/Freescale/KSDK_1.2.0/lib/ksdk_platform_lib/kds/KL25Z4/debug/libksdk_platform.a(fsl_lptmr_driver.o)
 .rodata.__func__.6307
                0x0000365d       0x1b C:/Freescale/KSDK_1.2.0/lib/ksdk_platform_lib/kds/KL25Z4/debug/libksdk_platform.a(fsl_clock_MKL25Z4.o)
 .rodata.uartGateTable
                0x00003678        0x3 C:/Freescale/KSDK_1.2.0/lib/ksdk_platform_lib/kds/KL25Z4/debug/libksdk_platform.a(fsl_clock_MKL25Z4.o)
 .rodata.__func__.6521
                0x0000367b       0x1a C:/Freescale/KSDK_1.2.0/lib/ksdk_platform_lib/kds/KL25Z4/debug/libksdk_platform.a(fsl_clock_MKL25Z4.o)
 .rodata.portGateTable
                0x00003695        0x5 C:/Freescale/KSDK_1.2.0/lib/ksdk_platform_lib/kds/KL25Z4/debug/libksdk_platform.a(fsl_clock_MKL25Z4.o)
 .rodata.__func__.6516
                0x0000369a       0x1b C:/Freescale/KSDK_1.2.0/lib/ksdk_platform_lib/kds/KL25Z4/debug/libksdk_platform.a(fsl_clock_MKL25Z4.o)
 .rodata.str1.1
                0x000036b5      0x225 C:/Freescale/KSDK_1.2.0/lib/ksdk_platform_lib/kds/KL25Z4/debug/libksdk_platform.a(fsl_clock_MKL25Z4.o)
 .rodata.__func__.6443
                0x000038da       0x1a C:/Freescale/KSDK_1.2.0/lib/ksdk_platform_lib/kds/KL25Z4/debug/libksdk_platform.a(fsl_clock_MKL25Z4.o)
 .rodata.__func__.6545
                0x000038f4       0x12 C:/Freescale/KSDK_1.2.0/lib/ksdk_platform_lib/kds/KL25Z4/debug/libksdk_platform.a(fsl_clock_manager.o)
 .rodata.__func__.6562
                0x00003906       0x15 C:/Freescale/KSDK_1.2.0/lib/ksdk_platform_lib/kds/KL25Z4/debug/libksdk_platform.a(fsl_clock_manager.o)
 .rodata.str1.1
                0x0000391b       0xaf C:/Freescale/KSDK_1.2.0/lib/ksdk_platform_lib/kds/KL25Z4/debug/libksdk_platform.a(fsl_clock_manager.o)
 *fill*         0x000039ca        0x2 
 .rodata.g_oscBase
                0x000039cc        0x4 C:/Freescale/KSDK_1.2.0/lib/ksdk_platform_lib/kds/KL25Z4/debug/libksdk_platform.a(fsl_clock_manager_common.o)
                0x000039cc                g_oscBase
 .rodata.g_rtcBase
                0x000039d0        0x4 C:/Freescale/KSDK_1.2.0/lib/ksdk_platform_lib/kds/KL25Z4/debug/libksdk_platform.a(fsl_rtc_common.o)
                0x000039d0                g_rtcBase
 .rodata.fllFactorTable.5183
                0x000039d4       0x10 C:/Freescale/KSDK_1.2.0/lib/ksdk_platform_lib/kds/KL25Z4/debug/libksdk_platform.a(fsl_mcg_hal.o)
 .rodata.g_lptmrBase
                0x000039e4        0x4 C:/Freescale/KSDK_1.2.0/lib/ksdk_platform_lib/kds/KL25Z4/debug/libksdk_platform.a(fsl_lptmr_common.o)
                0x000039e4                g_lptmrBase
 .rodata.g_lptmrIrqId
                0x000039e8        0x1 C:/Freescale/KSDK_1.2.0/lib/ksdk_platform_lib/kds/KL25Z4/debug/libksdk_platform.a(fsl_lptmr_common.o)
                0x000039e8                g_lptmrIrqId
 .rodata.str1.1
                0x000039e9       0x3c c:/freescale/kds_3.0.0/toolchain/bin/../lib/gcc/arm-none-eabi/4.8.4/../../../../arm-none-eabi/lib/armv6-m\libg_s.a(lib_a-assert.o)
                                 0x3d (size before relaxing)
 .rodata.str1.1
                0x00003a25        0x2 c:/freescale/kds_3.0.0/toolchain/bin/../lib/gcc/arm-none-eabi/4.8.4/../../../../arm-none-eabi/lib/armv6-m\libg_s.a(lib_a-impure.o)
 *fill*         0x00003a27        0x1 
 .rodata._global_impure_ptr
                0x00003a28        0x4 c:/freescale/kds_3.0.0/toolchain/bin/../lib/gcc/arm-none-eabi/4.8.4/../../../../arm-none-eabi/lib/armv6-m\libg_s.a(lib_a-impure.o)
                0x00003a28                _global_impure_ptr
 .rodata.str1.1
                0x00003a2c       0x11 c:/freescale/kds_3.0.0/toolchain/bin/../lib/gcc/arm-none-eabi/4.8.4/../../../../arm-none-eabi/lib/armv6-m\libg_s.a(lib_a-vfprintf.o)
 .rodata.str1.1
                0x00003a3d       0x22 c:/freescale/kds_3.0.0/toolchain/bin/../lib/gcc/arm-none-eabi/4.8.4/../../../../arm-none-eabi/lib/armv6-m\libg_s.a(lib_a-vfprintf_i.o)
 *fill*         0x00003a5f        0x1 
 .rodata.__sf_fake_stdin
                0x00003a60       0x20 c:/freescale/kds_3.0.0/toolchain/bin/../lib/gcc/arm-none-eabi/4.8.4/../../../../arm-none-eabi/lib/armv6-m\libg_s.a(lib_a-findfp.o)
                0x00003a60                __sf_fake_stdin
 .rodata.__sf_fake_stdout
                0x00003a80       0x20 c:/freescale/kds_3.0.0/toolchain/bin/../lib/gcc/arm-none-eabi/4.8.4/../../../../arm-none-eabi/lib/armv6-m\libg_s.a(lib_a-findfp.o)
                0x00003a80                __sf_fake_stdout
 .rodata.__sf_fake_stderr
                0x00003aa0       0x20 c:/freescale/kds_3.0.0/toolchain/bin/../lib/gcc/arm-none-eabi/4.8.4/../../../../arm-none-eabi/lib/armv6-m\libg_s.a(lib_a-findfp.o)
                0x00003aa0                __sf_fake_stderr
 *(.glue_7)
 .glue_7        0x00000000        0x0 linker stubs
 *(.glue_7t)
 .glue_7t       0x00000000        0x0 linker stubs
 *(.eh_frame)
 .eh_frame      0x00003ac0        0x0 c:/freescale/kds_3.0.0/toolchain/bin/../lib/gcc/arm-none-eabi/4.8.4/armv6-m/crtbegin.o
 *(.init)
 .init          0x00003ac0        0x4 c:/freescale/kds_3.0.0/toolchain/bin/../lib/gcc/arm-none-eabi/4.8.4/armv6-m/crti.o
                0x00003ac0                _init
 .init          0x00003ac4        0x8 c:/freescale/kds_3.0.0/toolchain/bin/../lib/gcc/arm-none-eabi/4.8.4/armv6-m/crtn.o
 *(.fini)
 .fini          0x00003acc        0x4 c:/freescale/kds_3.0.0/toolchain/bin/../lib/gcc/arm-none-eabi/4.8.4/armv6-m/crti.o
                0x00003acc                _fini
 .fini          0x00003ad0        0x8 c:/freescale/kds_3.0.0/toolchain/bin/../lib/gcc/arm-none-eabi/4.8.4/armv6-m/crtn.o
                0x00003ad8                . = ALIGN (0x4)

.vfp11_veneer   0x00003ad8        0x0
 .vfp11_veneer  0x00000000        0x0 linker stubs

.v4_bx          0x00003ad8        0x0
 .v4_bx         0x00000000        0x0 linker stubs

.iplt           0x00003ad8        0x0
 .iplt          0x00000000        0x0 c:/freescale/kds_3.0.0/toolchain/bin/../lib/gcc/arm-none-eabi/4.8.4/armv6-m/crtbegin.o

.ARM.extab
 *(.ARM.extab* .gnu.linkonce.armextab.*)

.ARM            0x00003ad8        0x8
                0x00003ad8                __exidx_start = .
 *(.ARM.exidx*)
 .ARM.exidx     0x00003ad8        0x8 c:/freescale/kds_3.0.0/toolchain/bin/../lib/gcc/arm-none-eabi/4.8.4/../../../../arm-none-eabi/lib/armv6-m/crt0.o
                0x00003ae0                __exidx_end = .

.rel.dyn        0x00003ae0        0x0
 .rel.iplt      0x00000000        0x0 c:/freescale/kds_3.0.0/toolchain/bin/../lib/gcc/arm-none-eabi/4.8.4/armv6-m/crtbegin.o

.ctors          0x00003ae0        0x0
                0x00003ae0                __CTOR_LIST__ = .
 *crtbegin.o(.ctors)
 *crtbegin?.o(.ctors)
 *(EXCLUDE_FILE(*crtend.o *crtend?.o) .ctors)
 *(SORT(.ctors.*))
 *(.ctors)
                0x00003ae0                __CTOR_END__ = .

.dtors          0x00003ae0        0x0
                0x00003ae0                __DTOR_LIST__ = .
 *crtbegin.o(.dtors)
 *crtbegin?.o(.dtors)
 *(EXCLUDE_FILE(*crtend.o *crtend?.o) .dtors)
 *(SORT(.dtors.*))
 *(.dtors)
                0x00003ae0                __DTOR_END__ = .

.preinit_array  0x00003ae0        0x0
                0x00003ae0                PROVIDE (__preinit_array_start, .)
 *(.preinit_array*)
                0x00003ae0                PROVIDE (__preinit_array_end, .)

.init_array     0x00003ae0        0x4
                0x00003ae0                PROVIDE (__init_array_start, .)
 *(SORT(.init_array.*))
 *(.init_array*)
 .init_array    0x00003ae0        0x4 c:/freescale/kds_3.0.0/toolchain/bin/../lib/gcc/arm-none-eabi/4.8.4/armv6-m/crtbegin.o
                0x00003ae4                PROVIDE (__init_array_end, .)

.fini_array     0x00003ae4        0x4
                0x00003ae4                PROVIDE (__fini_array_start, .)
 *(SORT(.fini_array.*))
 *(.fini_array*)
 .fini_array    0x00003ae4        0x4 c:/freescale/kds_3.0.0/toolchain/bin/../lib/gcc/arm-none-eabi/4.8.4/armv6-m/crtbegin.o
                0x00003ae8                PROVIDE (__fini_array_end, .)
                0x00003ae8                __etext = .
                0x00003ae8                __DATA_ROM = .

.mtb            0x1ffff000        0x0
                0x1ffff000                . = ALIGN (0x8)
                0x1ffff000                _mtb_start = .
 *(.mtb_buf)
                0x1ffff000                . = ALIGN (0x8)
                0x1ffff000                _mtb_end = .

.interrupts_ram
                0x1ffff000        0x0
                0x1ffff000                . = ALIGN (0x4)
                0x1ffff000                __VECTOR_RAM__ = .
                0x1ffff000                __interrupts_ram_start__ = .
 *(.m_interrupts_ram)
                0x1ffff000                . = (. + M_VECTOR_RAM_SIZE)
                0x1ffff000                . = ALIGN (0x4)
                0x1ffff000                __interrupts_ram_end__ = .
                0x00000000                __VECTOR_RAM = DEFINED (__ram_vector_table__)?__VECTOR_RAM__:ORIGIN (m_interrupts)
                0x00000000                __RAM_VECTOR_TABLE_SIZE_BYTES = DEFINED (__ram_vector_table__)?(__interrupts_ram_end__ - __interrupts_ram_start__):0x0

.data           0x1ffff000       0x7c load address 0x00003ae8
                0x1ffff000                . = ALIGN (0x4)
                0x1ffff000                __DATA_RAM = .
                0x1ffff000                __data_start__ = .
 *(.data)
 *(.data*)
 .data.lptmrConfig
                0x1ffff000        0x8 ./sources/hal/util/tc_hal.o
                0x1ffff000                lptmrConfig
 .data.SystemCoreClock
                0x1ffff008        0x4 ./Project_Settings/Startup_Code/system_MKL25Z4.o
                0x1ffff008                SystemCoreClock
 .data.g_slowInternalRefClkFreq
                0x1ffff00c        0x4 C:/Freescale/KSDK_1.2.0/lib/ksdk_platform_lib/kds/KL25Z4/debug/libksdk_platform.a(fsl_mcg_hal.o)
                0x1ffff00c                g_slowInternalRefClkFreq
 .data.g_fastInternalRefClkFreq
                0x1ffff010        0x4 C:/Freescale/KSDK_1.2.0/lib/ksdk_platform_lib/kds/KL25Z4/debug/libksdk_platform.a(fsl_mcg_hal.o)
                0x1ffff010                g_fastInternalRefClkFreq
 .data.impure_data
                0x1ffff014       0x60 c:/freescale/kds_3.0.0/toolchain/bin/../lib/gcc/arm-none-eabi/4.8.4/../../../../arm-none-eabi/lib/armv6-m\libg_s.a(lib_a-impure.o)
 .data._impure_ptr
                0x1ffff074        0x4 c:/freescale/kds_3.0.0/toolchain/bin/../lib/gcc/arm-none-eabi/4.8.4/../../../../arm-none-eabi/lib/armv6-m\libg_s.a(lib_a-impure.o)
                0x1ffff074                _impure_ptr
 *(.jcr*)
 .jcr           0x1ffff078        0x0 c:/freescale/kds_3.0.0/toolchain/bin/../lib/gcc/arm-none-eabi/4.8.4/armv6-m/crtbegin.o
 .jcr           0x1ffff078        0x4 c:/freescale/kds_3.0.0/toolchain/bin/../lib/gcc/arm-none-eabi/4.8.4/armv6-m/crtend.o
                0x1ffff07c                . = ALIGN (0x4)
                0x1ffff07c                __data_end__ = .
                0x00003b64                __DATA_END = (__DATA_ROM + (__data_end__ - __data_start__))

.igot.plt       0x1ffff07c        0x0 load address 0x00003b64
 .igot.plt      0x00000000        0x0 c:/freescale/kds_3.0.0/toolchain/bin/../lib/gcc/arm-none-eabi/4.8.4/armv6-m/crtbegin.o

.bss            0x1ffff07c       0x68 load address 0x00003b64
                0x1ffff07c                . = ALIGN (0x4)
                0x1ffff07c                __START_BSS = .
                0x1ffff07c                __bss_start__ = .
 *(.bss)
 .bss           0x1ffff07c       0x1c c:/freescale/kds_3.0.0/toolchain/bin/../lib/gcc/arm-none-eabi/4.8.4/armv6-m/crtbegin.o
 *(.bss*)
 .bss.s_debugConsole
                0x1ffff098       0x10 ./sources/hal/uart/fsl_debug_console.o
 .bss.uiFlagNextPeriod
                0x1ffff0a8        0x4 ./sources/main.o
                0x1ffff0a8                uiFlagNextPeriod
 .bss.value     0x1ffff0ac        0x4 ./sources/main.o
                0x1ffff0ac                value
 .bss.lptmr_state_ptrs
                0x1ffff0b0        0x4 C:/Freescale/KSDK_1.2.0/lib/ksdk_platform_lib/kds/KL25Z4/debug/libksdk_platform.a(fsl_lptmr_driver.o)
 .bss.g_xtal0ClkFreq
                0x1ffff0b4        0x4 C:/Freescale/KSDK_1.2.0/lib/ksdk_platform_lib/kds/KL25Z4/debug/libksdk_platform.a(fsl_mcg_hal.o)
                0x1ffff0b4                g_xtal0ClkFreq
 .bss.g_xtalRtcClkFreq
                0x1ffff0b8        0x4 C:/Freescale/KSDK_1.2.0/lib/ksdk_platform_lib/kds/KL25Z4/debug/libksdk_platform.a(fsl_mcg_hal.o)
                0x1ffff0b8                g_xtalRtcClkFreq
 .bss.__malloc_sbrk_start
                0x1ffff0bc        0x4 c:/freescale/kds_3.0.0/toolchain/bin/../lib/gcc/arm-none-eabi/4.8.4/../../../../arm-none-eabi/lib/armv6-m\libg_s.a(lib_a-nano-mallocr.o)
                0x1ffff0bc                __malloc_sbrk_start
 .bss.__malloc_free_list
                0x1ffff0c0        0x4 c:/freescale/kds_3.0.0/toolchain/bin/../lib/gcc/arm-none-eabi/4.8.4/../../../../arm-none-eabi/lib/armv6-m\libg_s.a(lib_a-nano-mallocr.o)
                0x1ffff0c0                __malloc_free_list
 .bss.heap_end.4246
                0x1ffff0c4        0x4 c:/freescale/kds_3.0.0/toolchain/bin/../lib/gcc/arm-none-eabi/4.8.4/../../../../arm-none-eabi/lib/armv6-m\libnosys.a(sbrk.o)
 *(COMMON)
 COMMON         0x1ffff0c8        0x8 ./sources/hal/util/tc_hal.o
                0x1ffff0c8                lptmrState
 COMMON         0x1ffff0d0        0xf ./sources/main.o
                0x1ffff0d0                val
 *fill*         0x1ffff0df        0x1 
 COMMON         0x1ffff0e0        0x4 c:/freescale/kds_3.0.0/toolchain/bin/../lib/gcc/arm-none-eabi/4.8.4/../../../../arm-none-eabi/lib/armv6-m\libg_s.a(lib_a-reent.o)
                0x1ffff0e0                errno
                0x1ffff0e4                . = ALIGN (0x4)
                0x1ffff0e4                __bss_end__ = .
                0x1ffff0e4                __END_BSS = .

.heap           0x1ffff0e4      0x404 load address 0x00003bcc
                0x1ffff0e8                . = ALIGN (0x8)
 *fill*         0x1ffff0e4        0x4 
                0x1ffff0e8                __end__ = .
                0x1ffff0e8                PROVIDE (end, .)
                0x1ffff0e8                __HeapBase = .
                0x1ffff4e8                . = (. + HEAP_SIZE)
 *fill*         0x1ffff0e8      0x400 
                0x1ffff4e8                __HeapLimit = .

.stack          0x1ffff4e8      0x400 load address 0x00003fd0
                0x1ffff4e8                . = ALIGN (0x8)
                0x1ffff8e8                . = (. + STACK_SIZE)
 *fill*         0x1ffff4e8      0x400 
                0x20003000                __StackTop = (ORIGIN (m_data) + 0x4000)
                0x20002c00                __StackLimit = (__StackTop - STACK_SIZE)
                0x20003000                PROVIDE (__stack, __StackTop)

.ARM.attributes
                0x00000000       0x28
 *(.ARM.attributes)
 .ARM.attributes
                0x00000000       0x1e c:/freescale/kds_3.0.0/toolchain/bin/../lib/gcc/arm-none-eabi/4.8.4/armv6-m/crti.o
 .ARM.attributes
                0x0000001e       0x2c c:/freescale/kds_3.0.0/toolchain/bin/../lib/gcc/arm-none-eabi/4.8.4/armv6-m/crtbegin.o
 .ARM.attributes
                0x0000004a       0x1b c:/freescale/kds_3.0.0/toolchain/bin/../lib/gcc/arm-none-eabi/4.8.4/../../../../arm-none-eabi/lib/armv6-m/crt0.o
 .ARM.attributes
                0x00000065       0x32 ./sources/hal/util/tc_hal.o
 .ARM.attributes
                0x00000097       0x32 ./sources/hal/util/util.o
 .ARM.attributes
                0x000000c9       0x32 ./sources/hal/uart/debugUart.o
 .ARM.attributes
                0x000000fb       0x32 ./sources/hal/uart/fsl_debug_console.o
 .ARM.attributes
                0x0000012d       0x32 ./sources/hal/uart/interpreter.o
 .ARM.attributes
                0x0000015f       0x32 ./sources/hal/tach/tach.o
 .ARM.attributes
                0x00000191       0x32 ./sources/hal/mcg/mcg.o
 .ARM.attributes
                0x000001c3       0x32 ./sources/hal/ledswi/ledswi.o
 .ARM.attributes
                0x000001f5       0x32 ./sources/hal/lcd/lcd.o
 .ARM.attributes
                0x00000227       0x32 ./sources/hal/display_7segments/display_7segments.o
 .ARM.attributes
                0x00000259       0x32 ./sources/hal/cooler/cooler.o
 .ARM.attributes
                0x0000028b       0x32 ./sources/hal/buzzer/buzzer.o
 .ARM.attributes
                0x000002bd       0x32 ./sources/main.o
 .ARM.attributes
                0x000002ef       0x32 ./Project_Settings/Startup_Code/startup.o
 .ARM.attributes
                0x00000321       0x1b ./Project_Settings/Startup_Code/startup_MKL25Z4.o
 .ARM.attributes
                0x0000033c       0x32 ./Project_Settings/Startup_Code/system_MKL25Z4.o
 .ARM.attributes
                0x0000036e       0x32 C:/Freescale/KSDK_1.2.0/lib/ksdk_platform_lib/kds/KL25Z4/debug/libksdk_platform.a(fsl_uart_hal.o)
 .ARM.attributes
                0x000003a0       0x32 C:/Freescale/KSDK_1.2.0/lib/ksdk_platform_lib/kds/KL25Z4/debug/libksdk_platform.a(fsl_lptmr_driver.o)
 .ARM.attributes
                0x000003d2       0x32 C:/Freescale/KSDK_1.2.0/lib/ksdk_platform_lib/kds/KL25Z4/debug/libksdk_platform.a(fsl_lpsci_hal.o)
 .ARM.attributes
                0x00000404       0x32 C:/Freescale/KSDK_1.2.0/lib/ksdk_platform_lib/kds/KL25Z4/debug/libksdk_platform.a(fsl_clock_MKL25Z4.o)
 .ARM.attributes
                0x00000436       0x32 C:/Freescale/KSDK_1.2.0/lib/ksdk_platform_lib/kds/KL25Z4/debug/libksdk_platform.a(fsl_clock_manager.o)
 .ARM.attributes
                0x00000468       0x32 C:/Freescale/KSDK_1.2.0/lib/ksdk_platform_lib/kds/KL25Z4/debug/libksdk_platform.a(fsl_clock_manager_common.o)
 .ARM.attributes
                0x0000049a       0x32 C:/Freescale/KSDK_1.2.0/lib/ksdk_platform_lib/kds/KL25Z4/debug/libksdk_platform.a(fsl_sim_hal_MKL25Z4.o)
 .ARM.attributes
                0x000004cc       0x32 C:/Freescale/KSDK_1.2.0/lib/ksdk_platform_lib/kds/KL25Z4/debug/libksdk_platform.a(fsl_rtc_common.o)
 .ARM.attributes
                0x000004fe       0x32 C:/Freescale/KSDK_1.2.0/lib/ksdk_platform_lib/kds/KL25Z4/debug/libksdk_platform.a(fsl_osc_hal.o)
 .ARM.attributes
                0x00000530       0x32 C:/Freescale/KSDK_1.2.0/lib/ksdk_platform_lib/kds/KL25Z4/debug/libksdk_platform.a(fsl_mcg_hal.o)
 .ARM.attributes
                0x00000562       0x32 C:/Freescale/KSDK_1.2.0/lib/ksdk_platform_lib/kds/KL25Z4/debug/libksdk_platform.a(fsl_mcg_hal_modes.o)
 .ARM.attributes
                0x00000594       0x32 C:/Freescale/KSDK_1.2.0/lib/ksdk_platform_lib/kds/KL25Z4/debug/libksdk_platform.a(fsl_lptmr_hal.o)
 .ARM.attributes
                0x000005c6       0x32 C:/Freescale/KSDK_1.2.0/lib/ksdk_platform_lib/kds/KL25Z4/debug/libksdk_platform.a(fsl_lptmr_common.o)
 .ARM.attributes
                0x000005f8       0x1e c:/freescale/kds_3.0.0/toolchain/bin/../lib/gcc/arm-none-eabi/4.8.4/armv6-m\libgcc.a(_thumb1_case_uqi.o)
 .ARM.attributes
                0x00000616       0x1e c:/freescale/kds_3.0.0/toolchain/bin/../lib/gcc/arm-none-eabi/4.8.4/armv6-m\libgcc.a(_udivsi3.o)
 .ARM.attributes
                0x00000634       0x1e c:/freescale/kds_3.0.0/toolchain/bin/../lib/gcc/arm-none-eabi/4.8.4/armv6-m\libgcc.a(_divsi3.o)
 .ARM.attributes
                0x00000652       0x1e c:/freescale/kds_3.0.0/toolchain/bin/../lib/gcc/arm-none-eabi/4.8.4/armv6-m\libgcc.a(_dvmd_tls.o)
 .ARM.attributes
                0x00000670       0x2c c:/freescale/kds_3.0.0/toolchain/bin/../lib/gcc/arm-none-eabi/4.8.4/../../../../arm-none-eabi/lib/armv6-m\libg_s.a(lib_a-assert.o)
 .ARM.attributes
                0x0000069c       0x2c c:/freescale/kds_3.0.0/toolchain/bin/../lib/gcc/arm-none-eabi/4.8.4/../../../../arm-none-eabi/lib/armv6-m\libg_s.a(lib_a-exit.o)
 .ARM.attributes
                0x000006c8       0x2c c:/freescale/kds_3.0.0/toolchain/bin/../lib/gcc/arm-none-eabi/4.8.4/../../../../arm-none-eabi/lib/armv6-m\libg_s.a(lib_a-fprintf.o)
 .ARM.attributes
                0x000006f4       0x2c c:/freescale/kds_3.0.0/toolchain/bin/../lib/gcc/arm-none-eabi/4.8.4/../../../../arm-none-eabi/lib/armv6-m\libg_s.a(lib_a-impure.o)
 .ARM.attributes
                0x00000720       0x2c c:/freescale/kds_3.0.0/toolchain/bin/../lib/gcc/arm-none-eabi/4.8.4/../../../../arm-none-eabi/lib/armv6-m\libg_s.a(lib_a-init.o)
 .ARM.attributes
                0x0000074c       0x2c c:/freescale/kds_3.0.0/toolchain/bin/../lib/gcc/arm-none-eabi/4.8.4/../../../../arm-none-eabi/lib/armv6-m\libg_s.a(lib_a-memset.o)
 .ARM.attributes
                0x00000778       0x2c c:/freescale/kds_3.0.0/toolchain/bin/../lib/gcc/arm-none-eabi/4.8.4/../../../../arm-none-eabi/lib/armv6-m\libg_s.a(lib_a-nano-freer.o)
 .ARM.attributes
                0x000007a4       0x2c c:/freescale/kds_3.0.0/toolchain/bin/../lib/gcc/arm-none-eabi/4.8.4/../../../../arm-none-eabi/lib/armv6-m\libg_s.a(lib_a-nano-mallocr.o)
 .ARM.attributes
                0x000007d0       0x2c c:/freescale/kds_3.0.0/toolchain/bin/../lib/gcc/arm-none-eabi/4.8.4/../../../../arm-none-eabi/lib/armv6-m\libg_s.a(lib_a-sbrkr.o)
 .ARM.attributes
                0x000007fc       0x2c c:/freescale/kds_3.0.0/toolchain/bin/../lib/gcc/arm-none-eabi/4.8.4/../../../../arm-none-eabi/lib/armv6-m\libg_s.a(lib_a-strlen.o)
 .ARM.attributes
                0x00000828       0x2c c:/freescale/kds_3.0.0/toolchain/bin/../lib/gcc/arm-none-eabi/4.8.4/../../../../arm-none-eabi/lib/armv6-m\libg_s.a(lib_a-vfprintf.o)
 .ARM.attributes
                0x00000854       0x2c c:/freescale/kds_3.0.0/toolchain/bin/../lib/gcc/arm-none-eabi/4.8.4/../../../../arm-none-eabi/lib/armv6-m\libg_s.a(lib_a-vfprintf_i.o)
 .ARM.attributes
                0x00000880       0x2c c:/freescale/kds_3.0.0/toolchain/bin/../lib/gcc/arm-none-eabi/4.8.4/../../../../arm-none-eabi/lib/armv6-m\libg_s.a(lib_a-wbuf.o)
 .ARM.attributes
                0x000008ac       0x2c c:/freescale/kds_3.0.0/toolchain/bin/../lib/gcc/arm-none-eabi/4.8.4/../../../../arm-none-eabi/lib/armv6-m\libg_s.a(lib_a-wsetup.o)
 .ARM.attributes
                0x000008d8       0x2c c:/freescale/kds_3.0.0/toolchain/bin/../lib/gcc/arm-none-eabi/4.8.4/../../../../arm-none-eabi/lib/armv6-m\libg_s.a(lib_a-abort.o)
 .ARM.attributes
                0x00000904       0x2c c:/freescale/kds_3.0.0/toolchain/bin/../lib/gcc/arm-none-eabi/4.8.4/../../../../arm-none-eabi/lib/armv6-m\libg_s.a(lib_a-fflush.o)
 .ARM.attributes
                0x00000930       0x2c c:/freescale/kds_3.0.0/toolchain/bin/../lib/gcc/arm-none-eabi/4.8.4/../../../../arm-none-eabi/lib/armv6-m\libg_s.a(lib_a-findfp.o)
 .ARM.attributes
                0x0000095c       0x2c c:/freescale/kds_3.0.0/toolchain/bin/../lib/gcc/arm-none-eabi/4.8.4/../../../../arm-none-eabi/lib/armv6-m\libg_s.a(lib_a-makebuf.o)
 .ARM.attributes
                0x00000988       0x2c c:/freescale/kds_3.0.0/toolchain/bin/../lib/gcc/arm-none-eabi/4.8.4/../../../../arm-none-eabi/lib/armv6-m\libg_s.a(lib_a-memchr-stub.o)
 .ARM.attributes
                0x000009b4       0x2c c:/freescale/kds_3.0.0/toolchain/bin/../lib/gcc/arm-none-eabi/4.8.4/../../../../arm-none-eabi/lib/armv6-m\libg_s.a(lib_a-reent.o)
 .ARM.attributes
                0x000009e0       0x2c c:/freescale/kds_3.0.0/toolchain/bin/../lib/gcc/arm-none-eabi/4.8.4/../../../../arm-none-eabi/lib/armv6-m\libg_s.a(lib_a-signal.o)
 .ARM.attributes
                0x00000a0c       0x2c c:/freescale/kds_3.0.0/toolchain/bin/../lib/gcc/arm-none-eabi/4.8.4/../../../../arm-none-eabi/lib/armv6-m\libg_s.a(lib_a-signalr.o)
 .ARM.attributes
                0x00000a38       0x2c c:/freescale/kds_3.0.0/toolchain/bin/../lib/gcc/arm-none-eabi/4.8.4/../../../../arm-none-eabi/lib/armv6-m\libg_s.a(lib_a-stdio.o)
 .ARM.attributes
                0x00000a64       0x2c c:/freescale/kds_3.0.0/toolchain/bin/../lib/gcc/arm-none-eabi/4.8.4/../../../../arm-none-eabi/lib/armv6-m\libg_s.a(lib_a-writer.o)
 .ARM.attributes
                0x00000a90       0x2c c:/freescale/kds_3.0.0/toolchain/bin/../lib/gcc/arm-none-eabi/4.8.4/../../../../arm-none-eabi/lib/armv6-m\libg_s.a(lib_a-closer.o)
 .ARM.attributes
                0x00000abc       0x2c c:/freescale/kds_3.0.0/toolchain/bin/../lib/gcc/arm-none-eabi/4.8.4/../../../../arm-none-eabi/lib/armv6-m\libg_s.a(lib_a-fstatr.o)
 .ARM.attributes
                0x00000ae8       0x2c c:/freescale/kds_3.0.0/toolchain/bin/../lib/gcc/arm-none-eabi/4.8.4/../../../../arm-none-eabi/lib/armv6-m\libg_s.a(lib_a-isattyr.o)
 .ARM.attributes
                0x00000b14       0x2c c:/freescale/kds_3.0.0/toolchain/bin/../lib/gcc/arm-none-eabi/4.8.4/../../../../arm-none-eabi/lib/armv6-m\libg_s.a(lib_a-lseekr.o)
 .ARM.attributes
                0x00000b40       0x2c c:/freescale/kds_3.0.0/toolchain/bin/../lib/gcc/arm-none-eabi/4.8.4/../../../../arm-none-eabi/lib/armv6-m\libg_s.a(lib_a-readr.o)
 .ARM.attributes
                0x00000b6c       0x2c c:/freescale/kds_3.0.0/toolchain/bin/../lib/gcc/arm-none-eabi/4.8.4/../../../../arm-none-eabi/lib/armv6-m\libnosys.a(close.o)
 .ARM.attributes
                0x00000b98       0x2c c:/freescale/kds_3.0.0/toolchain/bin/../lib/gcc/arm-none-eabi/4.8.4/../../../../arm-none-eabi/lib/armv6-m\libnosys.a(fstat.o)
 .ARM.attributes
                0x00000bc4       0x2c c:/freescale/kds_3.0.0/toolchain/bin/../lib/gcc/arm-none-eabi/4.8.4/../../../../arm-none-eabi/lib/armv6-m\libnosys.a(getpid.o)
 .ARM.attributes
                0x00000bf0       0x2c c:/freescale/kds_3.0.0/toolchain/bin/../lib/gcc/arm-none-eabi/4.8.4/../../../../arm-none-eabi/lib/armv6-m\libnosys.a(isatty.o)
 .ARM.attributes
                0x00000c1c       0x2c c:/freescale/kds_3.0.0/toolchain/bin/../lib/gcc/arm-none-eabi/4.8.4/../../../../arm-none-eabi/lib/armv6-m\libnosys.a(kill.o)
 .ARM.attributes
                0x00000c48       0x2c c:/freescale/kds_3.0.0/toolchain/bin/../lib/gcc/arm-none-eabi/4.8.4/../../../../arm-none-eabi/lib/armv6-m\libnosys.a(lseek.o)
 .ARM.attributes
                0x00000c74       0x2c c:/freescale/kds_3.0.0/toolchain/bin/../lib/gcc/arm-none-eabi/4.8.4/../../../../arm-none-eabi/lib/armv6-m\libnosys.a(sbrk.o)
 .ARM.attributes
                0x00000ca0       0x2c c:/freescale/kds_3.0.0/toolchain/bin/../lib/gcc/arm-none-eabi/4.8.4/../../../../arm-none-eabi/lib/armv6-m\libnosys.a(_exit.o)
 .ARM.attributes
                0x00000ccc       0x2c c:/freescale/kds_3.0.0/toolchain/bin/../lib/gcc/arm-none-eabi/4.8.4/armv6-m/crtend.o
 .ARM.attributes
                0x00000cf8       0x1e c:/freescale/kds_3.0.0/toolchain/bin/../lib/gcc/arm-none-eabi/4.8.4/armv6-m/crtn.o
                0x00000001                ASSERT ((__StackLimit >= __HeapLimit), region m_data overflowed with stack and heap)
OUTPUT(implementation.elf elf32-littlearm)

.debug_info     0x00000000     0xe6ef
 .debug_info    0x00000000      0x5ec ./sources/hal/util/tc_hal.o
 .debug_info    0x000005ec       0x97 ./sources/hal/util/util.o
 .debug_info    0x00000683      0x4ff ./sources/hal/uart/debugUart.o
 .debug_info    0x00000b82      0xa71 ./sources/hal/uart/fsl_debug_console.o
 .debug_info    0x000015f3      0x2cb ./sources/hal/uart/interpreter.o
 .debug_info    0x000018be      0x3ea ./sources/hal/tach/tach.o
 .debug_info    0x00001ca8      0x786 ./sources/hal/mcg/mcg.o
 .debug_info    0x0000242e      0x474 ./sources/hal/ledswi/ledswi.o
 .debug_info    0x000028a2      0x47e ./sources/hal/lcd/lcd.o
 .debug_info    0x00002d20      0x507 ./sources/hal/display_7segments/display_7segments.o
 .debug_info    0x00003227      0x37d ./sources/hal/cooler/cooler.o
 .debug_info    0x000035a4      0x3d7 ./sources/hal/buzzer/buzzer.o
 .debug_info    0x0000397b      0x58d ./sources/main.o
 .debug_info    0x00003f08      0x296 ./Project_Settings/Startup_Code/startup.o
 .debug_info    0x0000419e       0x84 ./Project_Settings/Startup_Code/startup_MKL25Z4.o
 .debug_info    0x00004222      0x3f4 ./Project_Settings/Startup_Code/system_MKL25Z4.o
 .debug_info    0x00004616      0x934 C:/Freescale/KSDK_1.2.0/lib/ksdk_platform_lib/kds/KL25Z4/debug/libksdk_platform.a(fsl_uart_hal.o)
 .debug_info    0x00004f4a     0x151f C:/Freescale/KSDK_1.2.0/lib/ksdk_platform_lib/kds/KL25Z4/debug/libksdk_platform.a(fsl_lptmr_driver.o)
 .debug_info    0x00006469      0x9e2 C:/Freescale/KSDK_1.2.0/lib/ksdk_platform_lib/kds/KL25Z4/debug/libksdk_platform.a(fsl_lpsci_hal.o)
 .debug_info    0x00006e4b     0x2546 C:/Freescale/KSDK_1.2.0/lib/ksdk_platform_lib/kds/KL25Z4/debug/libksdk_platform.a(fsl_clock_MKL25Z4.o)
 .debug_info    0x00009391     0x1c57 C:/Freescale/KSDK_1.2.0/lib/ksdk_platform_lib/kds/KL25Z4/debug/libksdk_platform.a(fsl_clock_manager.o)
 .debug_info    0x0000afe8      0x448 C:/Freescale/KSDK_1.2.0/lib/ksdk_platform_lib/kds/KL25Z4/debug/libksdk_platform.a(fsl_clock_manager_common.o)
 .debug_info    0x0000b430      0xbe0 C:/Freescale/KSDK_1.2.0/lib/ksdk_platform_lib/kds/KL25Z4/debug/libksdk_platform.a(fsl_sim_hal_MKL25Z4.o)
 .debug_info    0x0000c010      0x262 C:/Freescale/KSDK_1.2.0/lib/ksdk_platform_lib/kds/KL25Z4/debug/libksdk_platform.a(fsl_rtc_common.o)
 .debug_info    0x0000c272       0xef C:/Freescale/KSDK_1.2.0/lib/ksdk_platform_lib/kds/KL25Z4/debug/libksdk_platform.a(fsl_osc_hal.o)
 .debug_info    0x0000c361      0xd33 C:/Freescale/KSDK_1.2.0/lib/ksdk_platform_lib/kds/KL25Z4/debug/libksdk_platform.a(fsl_mcg_hal.o)
 .debug_info    0x0000d094      0xf3a C:/Freescale/KSDK_1.2.0/lib/ksdk_platform_lib/kds/KL25Z4/debug/libksdk_platform.a(fsl_mcg_hal_modes.o)
 .debug_info    0x0000dfce      0x506 C:/Freescale/KSDK_1.2.0/lib/ksdk_platform_lib/kds/KL25Z4/debug/libksdk_platform.a(fsl_lptmr_hal.o)
 .debug_info    0x0000e4d4      0x21b C:/Freescale/KSDK_1.2.0/lib/ksdk_platform_lib/kds/KL25Z4/debug/libksdk_platform.a(fsl_lptmr_common.o)

.debug_abbrev   0x00000000     0x2f04
 .debug_abbrev  0x00000000      0x17e ./sources/hal/util/tc_hal.o
 .debug_abbrev  0x0000017e       0x7d ./sources/hal/util/util.o
 .debug_abbrev  0x000001fb      0x183 ./sources/hal/uart/debugUart.o
 .debug_abbrev  0x0000037e      0x23a ./sources/hal/uart/fsl_debug_console.o
 .debug_abbrev  0x000005b8      0x11f ./sources/hal/uart/interpreter.o
 .debug_abbrev  0x000006d7       0xcd ./sources/hal/tach/tach.o
 .debug_abbrev  0x000007a4      0x1b6 ./sources/hal/mcg/mcg.o
 .debug_abbrev  0x0000095a      0x13b ./sources/hal/ledswi/ledswi.o
 .debug_abbrev  0x00000a95      0x110 ./sources/hal/lcd/lcd.o
 .debug_abbrev  0x00000ba5      0x147 ./sources/hal/display_7segments/display_7segments.o
 .debug_abbrev  0x00000cec       0xcd ./sources/hal/cooler/cooler.o
 .debug_abbrev  0x00000db9      0x10e ./sources/hal/buzzer/buzzer.o
 .debug_abbrev  0x00000ec7      0x18b ./sources/main.o
 .debug_abbrev  0x00001052       0xe9 ./Project_Settings/Startup_Code/startup.o
 .debug_abbrev  0x0000113b       0x14 ./Project_Settings/Startup_Code/startup_MKL25Z4.o
 .debug_abbrev  0x0000114f      0x109 ./Project_Settings/Startup_Code/system_MKL25Z4.o
 .debug_abbrev  0x00001258      0x27e C:/Freescale/KSDK_1.2.0/lib/ksdk_platform_lib/kds/KL25Z4/debug/libksdk_platform.a(fsl_uart_hal.o)
 .debug_abbrev  0x000014d6      0x3af C:/Freescale/KSDK_1.2.0/lib/ksdk_platform_lib/kds/KL25Z4/debug/libksdk_platform.a(fsl_lptmr_driver.o)
 .debug_abbrev  0x00001885      0x228 C:/Freescale/KSDK_1.2.0/lib/ksdk_platform_lib/kds/KL25Z4/debug/libksdk_platform.a(fsl_lpsci_hal.o)
 .debug_abbrev  0x00001aad      0x445 C:/Freescale/KSDK_1.2.0/lib/ksdk_platform_lib/kds/KL25Z4/debug/libksdk_platform.a(fsl_clock_MKL25Z4.o)
 .debug_abbrev  0x00001ef2      0x3d0 C:/Freescale/KSDK_1.2.0/lib/ksdk_platform_lib/kds/KL25Z4/debug/libksdk_platform.a(fsl_clock_manager.o)
 .debug_abbrev  0x000022c2       0xdb C:/Freescale/KSDK_1.2.0/lib/ksdk_platform_lib/kds/KL25Z4/debug/libksdk_platform.a(fsl_clock_manager_common.o)
 .debug_abbrev  0x0000239d      0x1ac C:/Freescale/KSDK_1.2.0/lib/ksdk_platform_lib/kds/KL25Z4/debug/libksdk_platform.a(fsl_sim_hal_MKL25Z4.o)
 .debug_abbrev  0x00002549       0xae C:/Freescale/KSDK_1.2.0/lib/ksdk_platform_lib/kds/KL25Z4/debug/libksdk_platform.a(fsl_rtc_common.o)
 .debug_abbrev  0x000025f7       0xa8 C:/Freescale/KSDK_1.2.0/lib/ksdk_platform_lib/kds/KL25Z4/debug/libksdk_platform.a(fsl_osc_hal.o)
 .debug_abbrev  0x0000269f      0x314 C:/Freescale/KSDK_1.2.0/lib/ksdk_platform_lib/kds/KL25Z4/debug/libksdk_platform.a(fsl_mcg_hal.o)
 .debug_abbrev  0x000029b3      0x2f7 C:/Freescale/KSDK_1.2.0/lib/ksdk_platform_lib/kds/KL25Z4/debug/libksdk_platform.a(fsl_mcg_hal_modes.o)
 .debug_abbrev  0x00002caa      0x1ac C:/Freescale/KSDK_1.2.0/lib/ksdk_platform_lib/kds/KL25Z4/debug/libksdk_platform.a(fsl_lptmr_hal.o)
 .debug_abbrev  0x00002e56       0xae C:/Freescale/KSDK_1.2.0/lib/ksdk_platform_lib/kds/KL25Z4/debug/libksdk_platform.a(fsl_lptmr_common.o)

.debug_aranges  0x00000000      0xa00
 .debug_aranges
                0x00000000       0x58 ./sources/hal/util/tc_hal.o
 .debug_aranges
                0x00000058       0x38 ./sources/hal/util/util.o
 .debug_aranges
                0x00000090       0x38 ./sources/hal/uart/debugUart.o
 .debug_aranges
                0x000000c8       0xa0 ./sources/hal/uart/fsl_debug_console.o
 .debug_aranges
                0x00000168       0x48 ./sources/hal/uart/interpreter.o
 .debug_aranges
                0x000001b0       0x20 ./sources/hal/tach/tach.o
 .debug_aranges
                0x000001d0       0x48 ./sources/hal/mcg/mcg.o
 .debug_aranges
                0x00000218       0x40 ./sources/hal/ledswi/ledswi.o
 .debug_aranges
                0x00000258       0x50 ./sources/hal/lcd/lcd.o
 .debug_aranges
                0x000002a8       0x48 ./sources/hal/display_7segments/display_7segments.o
 .debug_aranges
                0x000002f0       0x20 ./sources/hal/cooler/cooler.o
 .debug_aranges
                0x00000310       0x38 ./sources/hal/buzzer/buzzer.o
 .debug_aranges
                0x00000348       0x40 ./sources/main.o
 .debug_aranges
                0x00000388       0x20 ./Project_Settings/Startup_Code/startup.o
 .debug_aranges
                0x000003a8       0x20 ./Project_Settings/Startup_Code/startup_MKL25Z4.o
 .debug_aranges
                0x000003c8       0x28 ./Project_Settings/Startup_Code/system_MKL25Z4.o
 .debug_aranges
                0x000003f0       0xa8 C:/Freescale/KSDK_1.2.0/lib/ksdk_platform_lib/kds/KL25Z4/debug/libksdk_platform.a(fsl_uart_hal.o)
 .debug_aranges
                0x00000498       0x70 C:/Freescale/KSDK_1.2.0/lib/ksdk_platform_lib/kds/KL25Z4/debug/libksdk_platform.a(fsl_lptmr_driver.o)
 .debug_aranges
                0x00000508       0xb0 C:/Freescale/KSDK_1.2.0/lib/ksdk_platform_lib/kds/KL25Z4/debug/libksdk_platform.a(fsl_lpsci_hal.o)
 .debug_aranges
                0x000005b8      0x198 C:/Freescale/KSDK_1.2.0/lib/ksdk_platform_lib/kds/KL25Z4/debug/libksdk_platform.a(fsl_clock_MKL25Z4.o)
 .debug_aranges
                0x00000750       0x78 C:/Freescale/KSDK_1.2.0/lib/ksdk_platform_lib/kds/KL25Z4/debug/libksdk_platform.a(fsl_clock_manager.o)
 .debug_aranges
                0x000007c8       0x18 C:/Freescale/KSDK_1.2.0/lib/ksdk_platform_lib/kds/KL25Z4/debug/libksdk_platform.a(fsl_clock_manager_common.o)
 .debug_aranges
                0x000007e0       0x90 C:/Freescale/KSDK_1.2.0/lib/ksdk_platform_lib/kds/KL25Z4/debug/libksdk_platform.a(fsl_sim_hal_MKL25Z4.o)
 .debug_aranges
                0x00000870       0x18 C:/Freescale/KSDK_1.2.0/lib/ksdk_platform_lib/kds/KL25Z4/debug/libksdk_platform.a(fsl_rtc_common.o)
 .debug_aranges
                0x00000888       0x20 C:/Freescale/KSDK_1.2.0/lib/ksdk_platform_lib/kds/KL25Z4/debug/libksdk_platform.a(fsl_osc_hal.o)
 .debug_aranges
                0x000008a8       0xa0 C:/Freescale/KSDK_1.2.0/lib/ksdk_platform_lib/kds/KL25Z4/debug/libksdk_platform.a(fsl_mcg_hal.o)
 .debug_aranges
                0x00000948       0x68 C:/Freescale/KSDK_1.2.0/lib/ksdk_platform_lib/kds/KL25Z4/debug/libksdk_platform.a(fsl_mcg_hal_modes.o)
 .debug_aranges
                0x000009b0       0x38 C:/Freescale/KSDK_1.2.0/lib/ksdk_platform_lib/kds/KL25Z4/debug/libksdk_platform.a(fsl_lptmr_hal.o)
 .debug_aranges
                0x000009e8       0x18 C:/Freescale/KSDK_1.2.0/lib/ksdk_platform_lib/kds/KL25Z4/debug/libksdk_platform.a(fsl_lptmr_common.o)

.debug_ranges   0x00000000      0xaf8
 .debug_ranges  0x00000000       0x48 ./sources/hal/util/tc_hal.o
 .debug_ranges  0x00000048       0x28 ./sources/hal/util/util.o
 .debug_ranges  0x00000070       0x28 ./sources/hal/uart/debugUart.o
 .debug_ranges  0x00000098       0x90 ./sources/hal/uart/fsl_debug_console.o
 .debug_ranges  0x00000128       0x38 ./sources/hal/uart/interpreter.o
 .debug_ranges  0x00000160       0x10 ./sources/hal/tach/tach.o
 .debug_ranges  0x00000170       0x38 ./sources/hal/mcg/mcg.o
 .debug_ranges  0x000001a8       0x30 ./sources/hal/ledswi/ledswi.o
 .debug_ranges  0x000001d8       0x40 ./sources/hal/lcd/lcd.o
 .debug_ranges  0x00000218       0x38 ./sources/hal/display_7segments/display_7segments.o
 .debug_ranges  0x00000250       0x10 ./sources/hal/cooler/cooler.o
 .debug_ranges  0x00000260       0x28 ./sources/hal/buzzer/buzzer.o
 .debug_ranges  0x00000288       0x30 ./sources/main.o
 .debug_ranges  0x000002b8       0x10 ./Project_Settings/Startup_Code/startup.o
 .debug_ranges  0x000002c8       0x18 ./Project_Settings/Startup_Code/system_MKL25Z4.o
 .debug_ranges  0x000002e0       0xb0 C:/Freescale/KSDK_1.2.0/lib/ksdk_platform_lib/kds/KL25Z4/debug/libksdk_platform.a(fsl_uart_hal.o)
 .debug_ranges  0x00000390       0xd8 C:/Freescale/KSDK_1.2.0/lib/ksdk_platform_lib/kds/KL25Z4/debug/libksdk_platform.a(fsl_lptmr_driver.o)
 .debug_ranges  0x00000468       0xb8 C:/Freescale/KSDK_1.2.0/lib/ksdk_platform_lib/kds/KL25Z4/debug/libksdk_platform.a(fsl_lpsci_hal.o)
 .debug_ranges  0x00000520      0x2b8 C:/Freescale/KSDK_1.2.0/lib/ksdk_platform_lib/kds/KL25Z4/debug/libksdk_platform.a(fsl_clock_MKL25Z4.o)
 .debug_ranges  0x000007d8       0xe0 C:/Freescale/KSDK_1.2.0/lib/ksdk_platform_lib/kds/KL25Z4/debug/libksdk_platform.a(fsl_clock_manager.o)
 .debug_ranges  0x000008b8       0x80 C:/Freescale/KSDK_1.2.0/lib/ksdk_platform_lib/kds/KL25Z4/debug/libksdk_platform.a(fsl_sim_hal_MKL25Z4.o)
 .debug_ranges  0x00000938       0x10 C:/Freescale/KSDK_1.2.0/lib/ksdk_platform_lib/kds/KL25Z4/debug/libksdk_platform.a(fsl_osc_hal.o)
 .debug_ranges  0x00000948       0xc8 C:/Freescale/KSDK_1.2.0/lib/ksdk_platform_lib/kds/KL25Z4/debug/libksdk_platform.a(fsl_mcg_hal.o)
 .debug_ranges  0x00000a10       0xc0 C:/Freescale/KSDK_1.2.0/lib/ksdk_platform_lib/kds/KL25Z4/debug/libksdk_platform.a(fsl_mcg_hal_modes.o)
 .debug_ranges  0x00000ad0       0x28 C:/Freescale/KSDK_1.2.0/lib/ksdk_platform_lib/kds/KL25Z4/debug/libksdk_platform.a(fsl_lptmr_hal.o)

.debug_macro    0x00000000    0x14035
 .debug_macro   0x00000000      0x233 ./sources/hal/util/tc_hal.o
 .debug_macro   0x00000233      0x808 ./sources/hal/util/tc_hal.o
 .debug_macro   0x00000a3b       0x58 ./sources/hal/util/tc_hal.o
 .debug_macro   0x00000a93       0x16 ./sources/hal/util/tc_hal.o
 .debug_macro   0x00000aa9       0x35 ./sources/hal/util/tc_hal.o
 .debug_macro   0x00000ade       0xa3 ./sources/hal/util/tc_hal.o
 .debug_macro   0x00000b81       0x16 ./sources/hal/util/tc_hal.o
 .debug_macro   0x00000b97       0x4a ./sources/hal/util/tc_hal.o
 .debug_macro   0x00000be1      0x209 ./sources/hal/util/tc_hal.o
 .debug_macro   0x00000dea       0x22 ./sources/hal/util/tc_hal.o
 .debug_macro   0x00000e0c       0x10 ./sources/hal/util/tc_hal.o
 .debug_macro   0x00000e1c       0x11 ./sources/hal/util/tc_hal.o
 .debug_macro   0x00000e2d       0x4c ./sources/hal/util/tc_hal.o
 .debug_macro   0x00000e79       0x3a ./sources/hal/util/tc_hal.o
 .debug_macro   0x00000eb3       0x1f ./sources/hal/util/tc_hal.o
 .debug_macro   0x00000ed2      0x250 ./sources/hal/util/tc_hal.o
 .debug_macro   0x00001122       0x63 ./sources/hal/util/tc_hal.o
 .debug_macro   0x00001185     0x8439 ./sources/hal/util/tc_hal.o
 .debug_macro   0x000095be       0x16 ./sources/hal/util/tc_hal.o
 .debug_macro   0x000095d4      0x10e ./sources/hal/util/tc_hal.o
 .debug_macro   0x000096e2       0x7f ./sources/hal/util/tc_hal.o
 .debug_macro   0x00009761       0x52 ./sources/hal/util/tc_hal.o
 .debug_macro   0x000097b3       0x16 ./sources/hal/util/tc_hal.o
 .debug_macro   0x000097c9       0x43 ./sources/hal/util/tc_hal.o
 .debug_macro   0x0000980c      0x180 ./sources/hal/util/tc_hal.o
 .debug_macro   0x0000998c       0x22 ./sources/hal/util/tc_hal.o
 .debug_macro   0x000099ae       0x7c ./sources/hal/util/tc_hal.o
 .debug_macro   0x00009a2a     0x764c ./sources/hal/util/tc_hal.o
 .debug_macro   0x00011076     0x10b2 ./sources/hal/util/tc_hal.o
 .debug_macro   0x00012128       0x11 ./sources/hal/util/tc_hal.o
 .debug_macro   0x00012139       0x10 ./sources/hal/util/tc_hal.o
 .debug_macro   0x00012149       0x10 ./sources/hal/util/tc_hal.o
 .debug_macro   0x00012159       0x1b ./sources/hal/util/util.o
 .debug_macro   0x00012174      0x246 ./sources/hal/uart/debugUart.o
 .debug_macro   0x000123ba       0x44 ./sources/hal/uart/debugUart.o
 .debug_macro   0x000123fe       0x10 ./sources/hal/uart/debugUart.o
 .debug_macro   0x0001240e       0x44 ./sources/hal/uart/debugUart.o
 .debug_macro   0x00012452       0x22 ./sources/hal/uart/debugUart.o
 .debug_macro   0x00012474      0x2c0 ./sources/hal/uart/fsl_debug_console.o
 .debug_macro   0x00012734       0x58 ./sources/hal/uart/fsl_debug_console.o
 .debug_macro   0x0001278c       0x16 ./sources/hal/uart/fsl_debug_console.o
 .debug_macro   0x000127a2       0x97 ./sources/hal/uart/fsl_debug_console.o
 .debug_macro   0x00012839       0xef ./sources/hal/uart/fsl_debug_console.o
 .debug_macro   0x00012928       0x10 ./sources/hal/uart/fsl_debug_console.o
 .debug_macro   0x00012938       0x22 ./sources/hal/uart/fsl_debug_console.o
 .debug_macro   0x0001295a       0xbd ./sources/hal/uart/fsl_debug_console.o
 .debug_macro   0x00012a17       0x16 ./sources/hal/uart/fsl_debug_console.o
 .debug_macro   0x00012a2d      0x14a ./sources/hal/uart/fsl_debug_console.o
 .debug_macro   0x00012b77       0x35 ./sources/hal/uart/fsl_debug_console.o
 .debug_macro   0x00012bac       0x16 ./sources/hal/uart/fsl_debug_console.o
 .debug_macro   0x00012bc2      0x20f ./sources/hal/uart/fsl_debug_console.o
 .debug_macro   0x00012dd1       0x3a ./sources/hal/uart/fsl_debug_console.o
 .debug_macro   0x00012e0b       0x82 ./sources/hal/uart/fsl_debug_console.o
 .debug_macro   0x00012e8d      0x2a6 ./sources/hal/uart/fsl_debug_console.o
 .debug_macro   0x00013133       0x10 ./sources/hal/uart/fsl_debug_console.o
 .debug_macro   0x00013143      0x1b3 ./sources/hal/uart/interpreter.o
 .debug_macro   0x000132f6       0x16 ./sources/hal/uart/interpreter.o
 .debug_macro   0x0001330c       0x10 ./sources/hal/uart/interpreter.o
 .debug_macro   0x0001331c       0x92 ./sources/hal/tach/tach.o
 .debug_macro   0x000133ae      0x178 ./sources/hal/tach/tach.o
 .debug_macro   0x00013526      0x2bb ./sources/hal/mcg/mcg.o
 .debug_macro   0x000137e1       0xa1 ./sources/hal/ledswi/ledswi.o
 .debug_macro   0x00013882       0xc3 ./sources/hal/lcd/lcd.o
 .debug_macro   0x00013945       0x28 ./sources/hal/lcd/lcd.o
 .debug_macro   0x0001396d       0xa6 ./sources/hal/display_7segments/display_7segments.o
 .debug_macro   0x00013a13       0x92 ./sources/hal/cooler/cooler.o
 .debug_macro   0x00013aa5       0xaa ./sources/hal/buzzer/buzzer.o
 .debug_macro   0x00013b4f      0x227 ./sources/main.o
 .debug_macro   0x00013d76      0x167 ./Project_Settings/Startup_Code/startup.o
 .debug_macro   0x00013edd      0x158 ./Project_Settings/Startup_Code/system_MKL25Z4.o

.debug_line     0x00000000     0x6c77
 .debug_line    0x00000000      0x5cc ./sources/hal/util/tc_hal.o
 .debug_line    0x000005cc      0x134 ./sources/hal/util/util.o
 .debug_line    0x00000700      0x5b9 ./sources/hal/uart/debugUart.o
 .debug_line    0x00000cb9      0x7e0 ./sources/hal/uart/fsl_debug_console.o
 .debug_line    0x00001499      0x599 ./sources/hal/uart/interpreter.o
 .debug_line    0x00001a32      0x26e ./sources/hal/tach/tach.o
 .debug_line    0x00001ca0      0x542 ./sources/hal/mcg/mcg.o
 .debug_line    0x000021e2      0x307 ./sources/hal/ledswi/ledswi.o
 .debug_line    0x000024e9      0x32b ./sources/hal/lcd/lcd.o
 .debug_line    0x00002814      0x378 ./sources/hal/display_7segments/display_7segments.o
 .debug_line    0x00002b8c      0x273 ./sources/hal/cooler/cooler.o
 .debug_line    0x00002dff      0x2fd ./sources/hal/buzzer/buzzer.o
 .debug_line    0x000030fc      0x66c ./sources/main.o
 .debug_line    0x00003768      0x357 ./Project_Settings/Startup_Code/startup.o
 .debug_line    0x00003abf       0x6c ./Project_Settings/Startup_Code/startup_MKL25Z4.o
 .debug_line    0x00003b2b      0x378 ./Project_Settings/Startup_Code/system_MKL25Z4.o
 .debug_line    0x00003ea3      0x38a C:/Freescale/KSDK_1.2.0/lib/ksdk_platform_lib/kds/KL25Z4/debug/libksdk_platform.a(fsl_uart_hal.o)
 .debug_line    0x0000422d      0x5af C:/Freescale/KSDK_1.2.0/lib/ksdk_platform_lib/kds/KL25Z4/debug/libksdk_platform.a(fsl_lptmr_driver.o)
 .debug_line    0x000047dc      0x3d7 C:/Freescale/KSDK_1.2.0/lib/ksdk_platform_lib/kds/KL25Z4/debug/libksdk_platform.a(fsl_lpsci_hal.o)
 .debug_line    0x00004bb3      0x951 C:/Freescale/KSDK_1.2.0/lib/ksdk_platform_lib/kds/KL25Z4/debug/libksdk_platform.a(fsl_clock_MKL25Z4.o)
 .debug_line    0x00005504      0x614 C:/Freescale/KSDK_1.2.0/lib/ksdk_platform_lib/kds/KL25Z4/debug/libksdk_platform.a(fsl_clock_manager.o)
 .debug_line    0x00005b18      0x14e C:/Freescale/KSDK_1.2.0/lib/ksdk_platform_lib/kds/KL25Z4/debug/libksdk_platform.a(fsl_clock_manager_common.o)
 .debug_line    0x00005c66      0x343 C:/Freescale/KSDK_1.2.0/lib/ksdk_platform_lib/kds/KL25Z4/debug/libksdk_platform.a(fsl_sim_hal_MKL25Z4.o)
 .debug_line    0x00005fa9       0xf4 C:/Freescale/KSDK_1.2.0/lib/ksdk_platform_lib/kds/KL25Z4/debug/libksdk_platform.a(fsl_rtc_common.o)
 .debug_line    0x0000609d       0xfe C:/Freescale/KSDK_1.2.0/lib/ksdk_platform_lib/kds/KL25Z4/debug/libksdk_platform.a(fsl_osc_hal.o)
 .debug_line    0x0000619b      0x3e7 C:/Freescale/KSDK_1.2.0/lib/ksdk_platform_lib/kds/KL25Z4/debug/libksdk_platform.a(fsl_mcg_hal.o)
 .debug_line    0x00006582      0x45f C:/Freescale/KSDK_1.2.0/lib/ksdk_platform_lib/kds/KL25Z4/debug/libksdk_platform.a(fsl_mcg_hal_modes.o)
 .debug_line    0x000069e1      0x19e C:/Freescale/KSDK_1.2.0/lib/ksdk_platform_lib/kds/KL25Z4/debug/libksdk_platform.a(fsl_lptmr_hal.o)
 .debug_line    0x00006b7f       0xf8 C:/Freescale/KSDK_1.2.0/lib/ksdk_platform_lib/kds/KL25Z4/debug/libksdk_platform.a(fsl_lptmr_common.o)

.debug_str      0x00000000    0xa333e
 .debug_str     0x00000000    0x9bb91 ./sources/hal/util/tc_hal.o
                              0x9c0f5 (size before relaxing)
 .debug_str     0x0009bb91       0x6c ./sources/hal/util/util.o
                               0x2321 (size before relaxing)
 .debug_str     0x0009bbfd      0x575 ./sources/hal/uart/debugUart.o
                              0x9bf9f (size before relaxing)
 .debug_str     0x0009c172     0x2318 ./sources/hal/uart/fsl_debug_console.o
                              0x9e048 (size before relaxing)
 .debug_str     0x0009e48a      0x19b ./sources/hal/uart/interpreter.o
                              0x9bc03 (size before relaxing)
 .debug_str     0x0009e625      0x5ae ./sources/hal/tach/tach.o
                              0x32563 (size before relaxing)
 .debug_str     0x0009ebd3      0x871 ./sources/hal/mcg/mcg.o
                              0x9c331 (size before relaxing)
 .debug_str     0x0009f444       0xaf ./sources/hal/ledswi/ledswi.o
                              0x3262e (size before relaxing)
 .debug_str     0x0009f4f3      0x164 ./sources/hal/lcd/lcd.o
                              0x326bc (size before relaxing)
 .debug_str     0x0009f657      0x143 ./sources/hal/display_7segments/display_7segments.o
                              0x326be (size before relaxing)
 .debug_str     0x0009f79a       0x2b ./sources/hal/cooler/cooler.o
                              0x3256e (size before relaxing)
 .debug_str     0x0009f7c5       0x68 ./sources/hal/buzzer/buzzer.o
                              0x325c6 (size before relaxing)
 .debug_str     0x0009f82d       0x8e ./sources/main.o
                              0x9be6f (size before relaxing)
 .debug_str     0x0009f8bb      0x12f ./Project_Settings/Startup_Code/startup.o
                              0x9b86c (size before relaxing)
 .debug_str     0x0009f9ea       0x97 ./Project_Settings/Startup_Code/system_MKL25Z4.o
                              0x9b8b3 (size before relaxing)
 .debug_str     0x0009fa81      0x61d C:/Freescale/KSDK_1.2.0/lib/ksdk_platform_lib/kds/KL25Z4/debug/libksdk_platform.a(fsl_uart_hal.o)
                                0x919 (size before relaxing)
 .debug_str     0x000a009e      0xa20 C:/Freescale/KSDK_1.2.0/lib/ksdk_platform_lib/kds/KL25Z4/debug/libksdk_platform.a(fsl_lptmr_driver.o)
                               0x1283 (size before relaxing)
 .debug_str     0x000a0abe      0x534 C:/Freescale/KSDK_1.2.0/lib/ksdk_platform_lib/kds/KL25Z4/debug/libksdk_platform.a(fsl_lpsci_hal.o)
                                0xa1f (size before relaxing)
 .debug_str     0x000a0ff2      0xd6d C:/Freescale/KSDK_1.2.0/lib/ksdk_platform_lib/kds/KL25Z4/debug/libksdk_platform.a(fsl_clock_MKL25Z4.o)
                               0x17aa (size before relaxing)
 .debug_str     0x000a1d5f      0x9f7 C:/Freescale/KSDK_1.2.0/lib/ksdk_platform_lib/kds/KL25Z4/debug/libksdk_platform.a(fsl_clock_manager.o)
                               0x1798 (size before relaxing)
 .debug_str     0x000a2756       0x61 C:/Freescale/KSDK_1.2.0/lib/ksdk_platform_lib/kds/KL25Z4/debug/libksdk_platform.a(fsl_clock_manager_common.o)
                                0x34e (size before relaxing)
 .debug_str     0x000a27b7      0x417 C:/Freescale/KSDK_1.2.0/lib/ksdk_platform_lib/kds/KL25Z4/debug/libksdk_platform.a(fsl_sim_hal_MKL25Z4.o)
                                0x786 (size before relaxing)
 .debug_str     0x000a2bce       0x5f C:/Freescale/KSDK_1.2.0/lib/ksdk_platform_lib/kds/KL25Z4/debug/libksdk_platform.a(fsl_rtc_common.o)
                                0x3fc (size before relaxing)
 .debug_str     0x000a2c2d       0x43 C:/Freescale/KSDK_1.2.0/lib/ksdk_platform_lib/kds/KL25Z4/debug/libksdk_platform.a(fsl_osc_hal.o)
                                0x233 (size before relaxing)
 .debug_str     0x000a2c70      0x4eb C:/Freescale/KSDK_1.2.0/lib/ksdk_platform_lib/kds/KL25Z4/debug/libksdk_platform.a(fsl_mcg_hal.o)
                                0xb03 (size before relaxing)
 .debug_str     0x000a315b      0x139 C:/Freescale/KSDK_1.2.0/lib/ksdk_platform_lib/kds/KL25Z4/debug/libksdk_platform.a(fsl_mcg_hal_modes.o)
                                0xa90 (size before relaxing)
 .debug_str     0x000a3294       0x64 C:/Freescale/KSDK_1.2.0/lib/ksdk_platform_lib/kds/KL25Z4/debug/libksdk_platform.a(fsl_lptmr_hal.o)
                                0x87e (size before relaxing)
 .debug_str     0x000a32f8       0x46 C:/Freescale/KSDK_1.2.0/lib/ksdk_platform_lib/kds/KL25Z4/debug/libksdk_platform.a(fsl_lptmr_common.o)
                                0x3f4 (size before relaxing)

.comment        0x00000000       0x70
 .comment       0x00000000       0x70 ./sources/hal/util/tc_hal.o
                                 0x71 (size before relaxing)
 .comment       0x00000000       0x71 ./sources/hal/util/util.o
 .comment       0x00000000       0x71 ./sources/hal/uart/debugUart.o
 .comment       0x00000000       0x71 ./sources/hal/uart/fsl_debug_console.o
 .comment       0x00000000       0x71 ./sources/hal/uart/interpreter.o
 .comment       0x00000000       0x71 ./sources/hal/tach/tach.o
 .comment       0x00000000       0x71 ./sources/hal/mcg/mcg.o
 .comment       0x00000000       0x71 ./sources/hal/ledswi/ledswi.o
 .comment       0x00000000       0x71 ./sources/hal/lcd/lcd.o
 .comment       0x00000000       0x71 ./sources/hal/display_7segments/display_7segments.o
 .comment       0x00000000       0x71 ./sources/hal/cooler/cooler.o
 .comment       0x00000000       0x71 ./sources/hal/buzzer/buzzer.o
 .comment       0x00000000       0x71 ./sources/main.o
 .comment       0x00000000       0x71 ./Project_Settings/Startup_Code/startup.o
 .comment       0x00000000       0x71 ./Project_Settings/Startup_Code/system_MKL25Z4.o
 .comment       0x00000000       0x71 C:/Freescale/KSDK_1.2.0/lib/ksdk_platform_lib/kds/KL25Z4/debug/libksdk_platform.a(fsl_uart_hal.o)
 .comment       0x00000000       0x71 C:/Freescale/KSDK_1.2.0/lib/ksdk_platform_lib/kds/KL25Z4/debug/libksdk_platform.a(fsl_lptmr_driver.o)
 .comment       0x00000000       0x71 C:/Freescale/KSDK_1.2.0/lib/ksdk_platform_lib/kds/KL25Z4/debug/libksdk_platform.a(fsl_lpsci_hal.o)
 .comment       0x00000000       0x71 C:/Freescale/KSDK_1.2.0/lib/ksdk_platform_lib/kds/KL25Z4/debug/libksdk_platform.a(fsl_clock_MKL25Z4.o)
 .comment       0x00000000       0x71 C:/Freescale/KSDK_1.2.0/lib/ksdk_platform_lib/kds/KL25Z4/debug/libksdk_platform.a(fsl_clock_manager.o)
 .comment       0x00000000       0x71 C:/Freescale/KSDK_1.2.0/lib/ksdk_platform_lib/kds/KL25Z4/debug/libksdk_platform.a(fsl_clock_manager_common.o)
 .comment       0x00000000       0x71 C:/Freescale/KSDK_1.2.0/lib/ksdk_platform_lib/kds/KL25Z4/debug/libksdk_platform.a(fsl_sim_hal_MKL25Z4.o)
 .comment       0x00000000       0x71 C:/Freescale/KSDK_1.2.0/lib/ksdk_platform_lib/kds/KL25Z4/debug/libksdk_platform.a(fsl_rtc_common.o)
 .comment       0x00000000       0x71 C:/Freescale/KSDK_1.2.0/lib/ksdk_platform_lib/kds/KL25Z4/debug/libksdk_platform.a(fsl_osc_hal.o)
 .comment       0x00000000       0x71 C:/Freescale/KSDK_1.2.0/lib/ksdk_platform_lib/kds/KL25Z4/debug/libksdk_platform.a(fsl_mcg_hal.o)
 .comment       0x00000000       0x71 C:/Freescale/KSDK_1.2.0/lib/ksdk_platform_lib/kds/KL25Z4/debug/libksdk_platform.a(fsl_mcg_hal_modes.o)
 .comment       0x00000000       0x71 C:/Freescale/KSDK_1.2.0/lib/ksdk_platform_lib/kds/KL25Z4/debug/libksdk_platform.a(fsl_lptmr_hal.o)
 .comment       0x00000000       0x71 C:/Freescale/KSDK_1.2.0/lib/ksdk_platform_lib/kds/KL25Z4/debug/libksdk_platform.a(fsl_lptmr_common.o)

.debug_frame    0x00000000     0x22b4
 .debug_frame   0x00000000      0x100 ./sources/hal/util/tc_hal.o
 .debug_frame   0x00000100       0x88 ./sources/hal/util/util.o
 .debug_frame   0x00000188       0x8c ./sources/hal/uart/debugUart.o
 .debug_frame   0x00000214      0x230 ./sources/hal/uart/fsl_debug_console.o
 .debug_frame   0x00000444       0xcc ./sources/hal/uart/interpreter.o
 .debug_frame   0x00000510       0x2c ./sources/hal/tach/tach.o
 .debug_frame   0x0000053c       0xc8 ./sources/hal/mcg/mcg.o
 .debug_frame   0x00000604       0xb0 ./sources/hal/ledswi/ledswi.o
 .debug_frame   0x000006b4       0xe8 ./sources/hal/lcd/lcd.o
 .debug_frame   0x0000079c       0xcc ./sources/hal/display_7segments/display_7segments.o
 .debug_frame   0x00000868       0x2c ./sources/hal/cooler/cooler.o
 .debug_frame   0x00000894       0x84 ./sources/hal/buzzer/buzzer.o
 .debug_frame   0x00000918       0xa0 ./sources/main.o
 .debug_frame   0x000009b8       0x30 ./Project_Settings/Startup_Code/startup.o
 .debug_frame   0x000009e8       0x4c ./Project_Settings/Startup_Code/system_MKL25Z4.o
 .debug_frame   0x00000a34      0x184 C:/Freescale/KSDK_1.2.0/lib/ksdk_platform_lib/kds/KL25Z4/debug/libksdk_platform.a(fsl_uart_hal.o)
 .debug_frame   0x00000bb8      0x140 C:/Freescale/KSDK_1.2.0/lib/ksdk_platform_lib/kds/KL25Z4/debug/libksdk_platform.a(fsl_lptmr_driver.o)
 .debug_frame   0x00000cf8      0x1b0 C:/Freescale/KSDK_1.2.0/lib/ksdk_platform_lib/kds/KL25Z4/debug/libksdk_platform.a(fsl_lpsci_hal.o)
 .debug_frame   0x00000ea8      0x474 C:/Freescale/KSDK_1.2.0/lib/ksdk_platform_lib/kds/KL25Z4/debug/libksdk_platform.a(fsl_clock_MKL25Z4.o)